[    0.000000] Linux version 6.10.3-arch1-2 (linux@archlinux) (gcc (GCC) 14.2.1 20240805, GNU ld (GNU Binutils) 2.43.0) #1 SMP PREEMPT_DYNAMIC Tue, 06 Aug 2024 07:21:19 +0000
[    0.000000] Command line: initrd=\initramfs-linux.img root=PARTUUID=9b12975e-e4ce-43d1-b35c-7cc456eda9c0 zswap.enabled=0 rw rootfstype=xfs
[    0.000000] BIOS-provided physical RAM map:
[    0.000000] BIOS-e820: [mem 0x0000000000000000-0x0000000000057fff] usable
[    0.000000] BIOS-e820: [mem 0x0000000000058000-0x0000000000058fff] reserved
[    0.000000] BIOS-e820: [mem 0x0000000000059000-0x000000000009dfff] usable
[    0.000000] BIOS-e820: [mem 0x000000000009e000-0x00000000000fffff] reserved
[    0.000000] BIOS-e820: [mem 0x0000000000100000-0x0000000052bf5fff] usable
[    0.000000] BIOS-e820: [mem 0x0000000052bf6000-0x0000000052bf6fff] ACPI NVS
[    0.000000] BIOS-e820: [mem 0x0000000052bf7000-0x0000000052bf7fff] reserved
[    0.000000] BIOS-e820: [mem 0x0000000052bf8000-0x0000000064f26fff] usable
[    0.000000] BIOS-e820: [mem 0x0000000064f27000-0x00000000652e4fff] reserved
[    0.000000] BIOS-e820: [mem 0x00000000652e5000-0x0000000065328fff] ACPI data
[    0.000000] BIOS-e820: [mem 0x0000000065329000-0x000000006f616fff] ACPI NVS
[    0.000000] BIOS-e820: [mem 0x000000006f617000-0x000000006fffefff] reserved
[    0.000000] BIOS-e820: [mem 0x000000006ffff000-0x000000006fffffff] usable
[    0.000000] BIOS-e820: [mem 0x0000000070000000-0x0000000077ffffff] reserved
[    0.000000] BIOS-e820: [mem 0x0000000078000000-0x00000000785fffff] usable
[    0.000000] BIOS-e820: [mem 0x0000000078600000-0x000000007c7fffff] reserved
[    0.000000] BIOS-e820: [mem 0x00000000e0000000-0x00000000efffffff] reserved
[    0.000000] BIOS-e820: [mem 0x00000000fe000000-0x00000000fe010fff] reserved
[    0.000000] BIOS-e820: [mem 0x00000000fec00000-0x00000000fec00fff] reserved
[    0.000000] BIOS-e820: [mem 0x00000000fee00000-0x00000000fee00fff] reserved
[    0.000000] BIOS-e820: [mem 0x00000000ff000000-0x00000000ffffffff] reserved
[    0.000000] BIOS-e820: [mem 0x0000000100000000-0x00000004817fffff] usable
[    0.000000] NX (Execute Disable) protection: active
[    0.000000] APIC: Static calls initialized
[    0.000000] e820: update [mem 0x4e24f018-0x4e25f057] usable ==> usable
[    0.000000] extended physical RAM map:
[    0.000000] reserve setup_data: [mem 0x0000000000000000-0x0000000000057fff] usable
[    0.000000] reserve setup_data: [mem 0x0000000000058000-0x0000000000058fff] reserved
[    0.000000] reserve setup_data: [mem 0x0000000000059000-0x000000000009dfff] usable
[    0.000000] reserve setup_data: [mem 0x000000000009e000-0x00000000000fffff] reserved
[    0.000000] reserve setup_data: [mem 0x0000000000100000-0x000000004e24f017] usable
[    0.000000] reserve setup_data: [mem 0x000000004e24f018-0x000000004e25f057] usable
[    0.000000] reserve setup_data: [mem 0x000000004e25f058-0x0000000052bf5fff] usable
[    0.000000] reserve setup_data: [mem 0x0000000052bf6000-0x0000000052bf6fff] ACPI NVS
[    0.000000] reserve setup_data: [mem 0x0000000052bf7000-0x0000000052bf7fff] reserved
[    0.000000] reserve setup_data: [mem 0x0000000052bf8000-0x0000000064f26fff] usable
[    0.000000] reserve setup_data: [mem 0x0000000064f27000-0x00000000652e4fff] reserved
[    0.000000] reserve setup_data: [mem 0x00000000652e5000-0x0000000065328fff] ACPI data
[    0.000000] reserve setup_data: [mem 0x0000000065329000-0x000000006f616fff] ACPI NVS
[    0.000000] reserve setup_data: [mem 0x000000006f617000-0x000000006fffefff] reserved
[    0.000000] reserve setup_data: [mem 0x000000006ffff000-0x000000006fffffff] usable
[    0.000000] reserve setup_data: [mem 0x0000000070000000-0x0000000077ffffff] reserved
[    0.000000] reserve setup_data: [mem 0x0000000078000000-0x00000000785fffff] usable
[    0.000000] reserve setup_data: [mem 0x0000000078600000-0x000000007c7fffff] reserved
[    0.000000] reserve setup_data: [mem 0x00000000e0000000-0x00000000efffffff] reserved
[    0.000000] reserve setup_data: [mem 0x00000000fe000000-0x00000000fe010fff] reserved
[    0.000000] reserve setup_data: [mem 0x00000000fec00000-0x00000000fec00fff] reserved
[    0.000000] reserve setup_data: [mem 0x00000000fee00000-0x00000000fee00fff] reserved
[    0.000000] reserve setup_data: [mem 0x00000000ff000000-0x00000000ffffffff] reserved
[    0.000000] reserve setup_data: [mem 0x0000000100000000-0x00000004817fffff] usable
[    0.000000] efi: EFI v2.4 by American Megatrends
[    0.000000] efi: ACPI=0x652f2000 ACPI 2.0=0x652f2000 SMBIOS=0xf0000 SMBIOS 3.0=0xf0020 TPMFinalLog=0x6f5b7000 ESRT=0x6fc9d118 MEMATTR=0x62818018 RNG=0x652f1018 INITRD=0x52ccd218 TPMEventLog=0x52cc7018 
[    0.000000] random: crng init done
[    0.000000] efi: Remove mem34: MMIO range=[0xe0000000-0xefffffff] (256MB) from e820 map
[    0.000000] e820: remove [mem 0xe0000000-0xefffffff] reserved
[    0.000000] efi: Not removing mem35: MMIO range=[0xfe000000-0xfe010fff] (68KB) from e820 map
[    0.000000] efi: Not removing mem36: MMIO range=[0xfec00000-0xfec00fff] (4KB) from e820 map
[    0.000000] efi: Not removing mem37: MMIO range=[0xfee00000-0xfee00fff] (4KB) from e820 map
[    0.000000] efi: Remove mem38: MMIO range=[0xff000000-0xffffffff] (16MB) from e820 map
[    0.000000] e820: remove [mem 0xff000000-0xffffffff] reserved
[    0.000000] SMBIOS 3.0.0 present.
[    0.000000] DMI: Dell Inc. XPS 13 9360/02PG84, BIOS 2.12.0 05/26/2019
[    0.000000] DMI: Memory slots populated: 2/2
[    0.000000] tsc: Detected 2000.000 MHz processor
[    0.000000] tsc: Detected 1999.968 MHz TSC
[    0.000803] e820: update [mem 0x00000000-0x00000fff] usable ==> reserved
[    0.000806] e820: remove [mem 0x000a0000-0x000fffff] usable
[    0.000814] last_pfn = 0x481800 max_arch_pfn = 0x400000000
[    0.000818] MTRR map: 4 entries (3 fixed + 1 variable; max 23), built from 10 variable MTRRs
[    0.000820] x86/PAT: Configuration [0-7]: WB  WC  UC- UC  WB  WP  UC- WT  
[    0.001115] last_pfn = 0x78600 max_arch_pfn = 0x400000000
[    0.007475] esrt: Reserving ESRT space from 0x000000006fc9d118 to 0x000000006fc9d150.
[    0.007499] Using GB pages for direct mapping
[    0.007923] Secure boot disabled
[    0.007923] RAMDISK: [mem 0x4e260000-0x4f169fff]
[    0.007952] ACPI: Early table checksum verification disabled
[    0.007955] ACPI: RSDP 0x00000000652F2000 000024 (v02 DELL  )
[    0.007959] ACPI: XSDT 0x00000000652F20C8 00010C (v01 DELL   CBX3     01072009 AMI  00010013)
[    0.007964] ACPI: FACP 0x0000000065317A50 00010C (v05 DELL   CBX3     01072009 AMI  00010013)
[    0.007969] ACPI: DSDT 0x00000000652F2260 0257EE (v02 DELL   CBX3     01072009 INTL 20160422)
[    0.007972] ACPI: FACS 0x000000006F614180 000040
[    0.007974] ACPI: APIC 0x0000000065317B60 0000BC (v03 DELL   CBX3     01072009 AMI  00010013)
[    0.007977] ACPI: FPDT 0x0000000065317C20 000044 (v01 DELL   CBX3     01072009 AMI  00010013)
[    0.007979] ACPI: FIDT 0x0000000065317C68 0000AC (v01 DELL   CBX3     01072009 AMI  00010013)
[    0.007982] ACPI: MCFG 0x0000000065317D18 00003C (v01 DELL   CBX3     01072009 MSFT 00000097)
[    0.007984] ACPI: HPET 0x0000000065317D58 000038 (v01 DELL   CBX3     01072009 AMI. 0005000B)
[    0.007987] ACPI: SSDT 0x0000000065317D90 000359 (v01 SataRe SataTabl 00001000 INTL 20160422)
[    0.007989] ACPI: BOOT 0x00000000653180F0 000028 (v01 DELL   CBX3     01072009 AMI  00010013)
[    0.007992] ACPI: SSDT 0x0000000065318118 0012CF (v02 SaSsdt SaSsdt   00003000 INTL 20160422)
[    0.007994] ACPI: HPET 0x00000000653193E8 000038 (v01 INTEL  KBL-ULT  00000001 MSFT 0000005F)
[    0.007997] ACPI: SSDT 0x0000000065319420 000D84 (v02 INTEL  xh_rvp07 00000000 INTL 20160422)
[    0.008000] ACPI: UEFI 0x000000006531A1A8 000042 (v01                 00000000      00000000)
[    0.008002] ACPI: SSDT 0x000000006531A1F0 000EDE (v02 CpuRef CpuSsdt  00003000 INTL 20160422)
[    0.008005] ACPI: LPIT 0x000000006531B0D0 000094 (v01 INTEL  KBL-ULT  00000000 MSFT 0000005F)
[    0.008007] ACPI: SSDT 0x000000006531B168 000161 (v02 INTEL  HdaDsp   00000000 INTL 20160422)
[    0.008010] ACPI: SSDT 0x000000006531B2D0 00029F (v02 INTEL  sensrhub 00000000 INTL 20160422)
[    0.008016] ACPI: SSDT 0x000000006531B570 003002 (v02 INTEL  PtidDevc 00001000 INTL 20160422)
[    0.008019] ACPI: SSDT 0x000000006531E578 0000DB (v02 INTEL  TbtTypeC 00000000 INTL 20160422)
[    0.008025] ACPI: DBGP 0x000000006531E658 000034 (v01 INTEL           00000002 MSFT 0000005F)
[    0.008028] ACPI: DBG2 0x000000006531E690 000054 (v00 INTEL           00000002 MSFT 0000005F)
[    0.008030] ACPI: SSDT 0x000000006531E6E8 0007DD (v02 INTEL  UsbCTabl 00001000 INTL 20160422)
[    0.008033] ACPI: SSDT 0x000000006531EEC8 0084F1 (v02 DptfTa DptfTabl 00001000 INTL 20160422)
[    0.008036] ACPI: MSDM 0x00000000653273C0 000055 (v03 DELL   CBX3     06222004 AMI  00010013)
[    0.008038] ACPI: SLIC 0x0000000065327418 000176 (v03 DELL   CBX3     01072009 MSFT 00010013)
[    0.008041] ACPI: NHLT 0x0000000065327590 00002D (v00 INTEL  EDK2     00000002      01000013)
[    0.008043] ACPI: BGRT 0x00000000653275C0 000038 (v00                 01072009 AMI  00010013)
[    0.008046] ACPI: TPM2 0x00000000653275F8 000034 (v03        Tpm2Tabl 00000001 AMI  00000000)
[    0.008048] ACPI: ASF! 0x0000000065327630 0000A0 (v32 INTEL   HCG     00000001 TFSM 000F4240)
[    0.008051] ACPI: DMAR 0x00000000653276D0 0000F0 (v01 INTEL  KBL      00000001 INTL 00000001)
[    0.008053] ACPI: Reserving FACP table memory at [mem 0x65317a50-0x65317b5b]
[    0.008054] ACPI: Reserving DSDT table memory at [mem 0x652f2260-0x65317a4d]
[    0.008055] ACPI: Reserving FACS table memory at [mem 0x6f614180-0x6f6141bf]
[    0.008055] ACPI: Reserving APIC table memory at [mem 0x65317b60-0x65317c1b]
[    0.008056] ACPI: Reserving FPDT table memory at [mem 0x65317c20-0x65317c63]
[    0.008057] ACPI: Reserving FIDT table memory at [mem 0x65317c68-0x65317d13]
[    0.008057] ACPI: Reserving MCFG table memory at [mem 0x65317d18-0x65317d53]
[    0.008058] ACPI: Reserving HPET table memory at [mem 0x65317d58-0x65317d8f]
[    0.008059] ACPI: Reserving SSDT table memory at [mem 0x65317d90-0x653180e8]
[    0.008059] ACPI: Reserving BOOT table memory at [mem 0x653180f0-0x65318117]
[    0.008060] ACPI: Reserving SSDT table memory at [mem 0x65318118-0x653193e6]
[    0.008061] ACPI: Reserving HPET table memory at [mem 0x653193e8-0x6531941f]
[    0.008061] ACPI: Reserving SSDT table memory at [mem 0x65319420-0x6531a1a3]
[    0.008062] ACPI: Reserving UEFI table memory at [mem 0x6531a1a8-0x6531a1e9]
[    0.008063] ACPI: Reserving SSDT table memory at [mem 0x6531a1f0-0x6531b0cd]
[    0.008063] ACPI: Reserving LPIT table memory at [mem 0x6531b0d0-0x6531b163]
[    0.008064] ACPI: Reserving SSDT table memory at [mem 0x6531b168-0x6531b2c8]
[    0.008065] ACPI: Reserving SSDT table memory at [mem 0x6531b2d0-0x6531b56e]
[    0.008065] ACPI: Reserving SSDT table memory at [mem 0x6531b570-0x6531e571]
[    0.008066] ACPI: Reserving SSDT table memory at [mem 0x6531e578-0x6531e652]
[    0.008067] ACPI: Reserving DBGP table memory at [mem 0x6531e658-0x6531e68b]
[    0.008067] ACPI: Reserving DBG2 table memory at [mem 0x6531e690-0x6531e6e3]
[    0.008068] ACPI: Reserving SSDT table memory at [mem 0x6531e6e8-0x6531eec4]
[    0.008069] ACPI: Reserving SSDT table memory at [mem 0x6531eec8-0x653273b8]
[    0.008069] ACPI: Reserving MSDM table memory at [mem 0x653273c0-0x65327414]
[    0.008070] ACPI: Reserving SLIC table memory at [mem 0x65327418-0x6532758d]
[    0.008070] ACPI: Reserving NHLT table memory at [mem 0x65327590-0x653275bc]
[    0.008071] ACPI: Reserving BGRT table memory at [mem 0x653275c0-0x653275f7]
[    0.008072] ACPI: Reserving TPM2 table memory at [mem 0x653275f8-0x6532762b]
[    0.008072] ACPI: Reserving ASF! table memory at [mem 0x65327630-0x653276cf]
[    0.008073] ACPI: Reserving DMAR table memory at [mem 0x653276d0-0x653277bf]
[    0.008188] No NUMA configuration found
[    0.008192] Faking a node at [mem 0x0000000000000000-0x00000004817fffff]
[    0.008202] NODE_DATA(0) allocated [mem 0x4817fb000-0x4817fffff]
[    0.008233] Zone ranges:
[    0.008233]   DMA      [mem 0x0000000000001000-0x0000000000ffffff]
[    0.008235]   DMA32    [mem 0x0000000001000000-0x00000000ffffffff]
[    0.008236]   Normal   [mem 0x0000000100000000-0x00000004817fffff]
[    0.008237]   Device   empty
[    0.008238] Movable zone start for each node
[    0.008239] Early memory node ranges
[    0.008239]   node   0: [mem 0x0000000000001000-0x0000000000057fff]
[    0.008241]   node   0: [mem 0x0000000000059000-0x000000000009dfff]
[    0.008241]   node   0: [mem 0x0000000000100000-0x0000000052bf5fff]
[    0.008242]   node   0: [mem 0x0000000052bf8000-0x0000000064f26fff]
[    0.008243]   node   0: [mem 0x000000006ffff000-0x000000006fffffff]
[    0.008244]   node   0: [mem 0x0000000078000000-0x00000000785fffff]
[    0.008244]   node   0: [mem 0x0000000100000000-0x00000004817fffff]
[    0.008246] Initmem setup node 0 [mem 0x0000000000001000-0x00000004817fffff]
[    0.008251] On node 0, zone DMA: 1 pages in unavailable ranges
[    0.008252] On node 0, zone DMA: 1 pages in unavailable ranges
[    0.008277] On node 0, zone DMA: 98 pages in unavailable ranges
[    0.012260] On node 0, zone DMA32: 2 pages in unavailable ranges
[    0.012802] On node 0, zone DMA32: 45272 pages in unavailable ranges
[    0.050604] On node 0, zone Normal: 31232 pages in unavailable ranges
[    0.050946] On node 0, zone Normal: 26624 pages in unavailable ranges
[    0.050955] Reserving Intel graphics memory at [mem 0x7a800000-0x7c7fffff]
[    0.051235] ACPI: PM-Timer IO Port: 0x1808
[    0.051241] ACPI: LAPIC_NMI (acpi_id[0x01] high edge lint[0x1])
[    0.051243] ACPI: LAPIC_NMI (acpi_id[0x02] high edge lint[0x1])
[    0.051244] ACPI: LAPIC_NMI (acpi_id[0x03] high edge lint[0x1])
[    0.051244] ACPI: LAPIC_NMI (acpi_id[0x04] high edge lint[0x1])
[    0.051245] ACPI: LAPIC_NMI (acpi_id[0x05] high edge lint[0x1])
[    0.051246] ACPI: LAPIC_NMI (acpi_id[0x06] high edge lint[0x1])
[    0.051246] ACPI: LAPIC_NMI (acpi_id[0x07] high edge lint[0x1])
[    0.051247] ACPI: LAPIC_NMI (acpi_id[0x08] high edge lint[0x1])
[    0.051275] IOAPIC[0]: apic_id 2, version 32, address 0xfec00000, GSI 0-119
[    0.051279] ACPI: INT_SRC_OVR (bus 0 bus_irq 0 global_irq 2 dfl dfl)
[    0.051280] ACPI: INT_SRC_OVR (bus 0 bus_irq 9 global_irq 9 high level)
[    0.051284] ACPI: Using ACPI (MADT) for SMP configuration information
[    0.051285] ACPI: HPET id: 0x8086a701 base: 0xfed00000
[    0.051291] e820: update [mem 0x62419000-0x625a5fff] usable ==> reserved
[    0.051302] TSC deadline timer available
[    0.051306] CPU topo: Max. logical packages:   1
[    0.051306] CPU topo: Max. logical dies:       1
[    0.051307] CPU topo: Max. dies per package:   1
[    0.051310] CPU topo: Max. threads per core:   2
[    0.051311] CPU topo: Num. cores per package:     4
[    0.051312] CPU topo: Num. threads per package:   8
[    0.051312] CPU topo: Allowing 8 present CPUs plus 0 hotplug CPUs
[    0.051327] PM: hibernation: Registered nosave memory: [mem 0x00000000-0x00000fff]
[    0.051329] PM: hibernation: Registered nosave memory: [mem 0x00058000-0x00058fff]
[    0.051330] PM: hibernation: Registered nosave memory: [mem 0x0009e000-0x000fffff]
[    0.051331] PM: hibernation: Registered nosave memory: [mem 0x4e24f000-0x4e24ffff]
[    0.051333] PM: hibernation: Registered nosave memory: [mem 0x4e25f000-0x4e25ffff]
[    0.051334] PM: hibernation: Registered nosave memory: [mem 0x52bf6000-0x52bf6fff]
[    0.051335] PM: hibernation: Registered nosave memory: [mem 0x52bf7000-0x52bf7fff]
[    0.051336] PM: hibernation: Registered nosave memory: [mem 0x62419000-0x625a5fff]
[    0.051337] PM: hibernation: Registered nosave memory: [mem 0x64f27000-0x652e4fff]
[    0.051338] PM: hibernation: Registered nosave memory: [mem 0x652e5000-0x65328fff]
[    0.051338] PM: hibernation: Registered nosave memory: [mem 0x65329000-0x6f616fff]
[    0.051339] PM: hibernation: Registered nosave memory: [mem 0x6f617000-0x6fffefff]
[    0.051340] PM: hibernation: Registered nosave memory: [mem 0x70000000-0x77ffffff]
[    0.051342] PM: hibernation: Registered nosave memory: [mem 0x78600000-0x7c7fffff]
[    0.051342] PM: hibernation: Registered nosave memory: [mem 0x7c800000-0xfdffffff]
[    0.051343] PM: hibernation: Registered nosave memory: [mem 0xfe000000-0xfe010fff]
[    0.051343] PM: hibernation: Registered nosave memory: [mem 0xfe011000-0xfebfffff]
[    0.051344] PM: hibernation: Registered nosave memory: [mem 0xfec00000-0xfec00fff]
[    0.051344] PM: hibernation: Registered nosave memory: [mem 0xfec01000-0xfedfffff]
[    0.051345] PM: hibernation: Registered nosave memory: [mem 0xfee00000-0xfee00fff]
[    0.051346] PM: hibernation: Registered nosave memory: [mem 0xfee01000-0xffffffff]
[    0.051347] [mem 0x7c800000-0xfdffffff] available for PCI devices
[    0.051348] Booting paravirtualized kernel on bare hardware
[    0.051351] clocksource: refined-jiffies: mask: 0xffffffff max_cycles: 0xffffffff, max_idle_ns: 6370452778343963 ns
[    0.056623] setup_percpu: NR_CPUS:320 nr_cpumask_bits:8 nr_cpu_ids:8 nr_node_ids:1
[    0.057409] percpu: Embedded 66 pages/cpu s233472 r8192 d28672 u524288
[    0.057416] pcpu-alloc: s233472 r8192 d28672 u524288 alloc=1*2097152
[    0.057418] pcpu-alloc: [0] 0 1 2 3 [0] 4 5 6 7 
[    0.057435] Kernel command line: initrd=\initramfs-linux.img root=PARTUUID=9b12975e-e4ce-43d1-b35c-7cc456eda9c0 zswap.enabled=0 rw rootfstype=xfs
[    0.060049] Dentry cache hash table entries: 2097152 (order: 12, 16777216 bytes, linear)
[    0.061502] Inode-cache hash table entries: 1048576 (order: 11, 8388608 bytes, linear)
[    0.061628] Fallback order for Node 0: 0 
[    0.061631] Built 1 zonelists, mobility grouping on.  Total pages: 4091074
[    0.061632] Policy zone: Normal
[    0.062004] mem auto-init: stack:all(zero), heap alloc:on, heap free:off
[    0.062013] software IO TLB: area num 8.
[    0.131181] Memory: 15897784K/16364296K available (18432K kernel code, 2177K rwdata, 13436K rodata, 3432K init, 3492K bss, 466252K reserved, 0K cma-reserved)
[    0.131376] SLUB: HWalign=64, Order=0-3, MinObjects=0, CPUs=8, Nodes=1
[    0.131402] Kernel/User page tables isolation: enabled
[    0.131434] ftrace: allocating 50274 entries in 197 pages
[    0.140316] ftrace: allocated 197 pages with 4 groups
[    0.140409] Dynamic Preempt: full
[    0.140453] rcu: Preemptible hierarchical RCU implementation.
[    0.140453] rcu: 	RCU restricting CPUs from NR_CPUS=320 to nr_cpu_ids=8.
[    0.140454] rcu: 	RCU priority boosting: priority 1 delay 500 ms.
[    0.140455] 	Trampoline variant of Tasks RCU enabled.
[    0.140456] 	Rude variant of Tasks RCU enabled.
[    0.140456] 	Tracing variant of Tasks RCU enabled.
[    0.140457] rcu: RCU calculated value of scheduler-enlistment delay is 30 jiffies.
[    0.140457] rcu: Adjusting geometry for rcu_fanout_leaf=16, nr_cpu_ids=8
[    0.140463] RCU Tasks: Setting shift to 3 and lim to 1 rcu_task_cb_adjust=1.
[    0.140465] RCU Tasks Rude: Setting shift to 3 and lim to 1 rcu_task_cb_adjust=1.
[    0.140466] RCU Tasks Trace: Setting shift to 3 and lim to 1 rcu_task_cb_adjust=1.
[    0.144389] NR_IRQS: 20736, nr_irqs: 2048, preallocated irqs: 16
[    0.144635] rcu: srcu_init: Setting srcu_struct sizes based on contention.
[    0.144899] kfence: initialized - using 2097152 bytes for 255 objects at 0x(____ptrval____)-0x(____ptrval____)
[    0.144937] spurious 8259A interrupt: IRQ7.
[    0.144974] Console: colour dummy device 80x25
[    0.144977] printk: legacy console [tty0] enabled
[    0.145021] ACPI: Core revision 20240322
[    0.145158] hpet: HPET dysfunctional in PC10. Force disabled.
[    0.145159] APIC: Switch to symmetric I/O mode setup
[    0.145161] DMAR: Host address width 39
[    0.145162] DMAR: DRHD base: 0x000000fed90000 flags: 0x0
[    0.145168] DMAR: dmar0: reg_base_addr fed90000 ver 1:0 cap 1c0000c40660462 ecap 19e2ff0505e
[    0.145170] DMAR: DRHD base: 0x000000fed91000 flags: 0x1
[    0.145174] DMAR: dmar1: reg_base_addr fed91000 ver 1:0 cap d2008c40660462 ecap f050da
[    0.145176] DMAR: RMRR base: 0x00000064fff000 end: 0x0000006501efff
[    0.145178] DMAR: RMRR base: 0x0000007a000000 end: 0x0000007c7fffff
[    0.145184] DMAR: ANDD device: 1 name: \_SB.PCI0.I2C0
[    0.145186] DMAR: ANDD device: 2 name: \_SB.PCI0.I2C1
[    0.145189] DMAR-IR: IOAPIC id 2 under DRHD base  0xfed91000 IOMMU 1
[    0.145190] DMAR-IR: HPET id 0 under DRHD base 0xfed91000
[    0.145191] DMAR-IR: Queued invalidation will be enabled to support x2apic and Intr-remapping.
[    0.146992] DMAR-IR: Enabled IRQ remapping in x2apic mode
[    0.146994] x2apic enabled
[    0.147063] APIC: Switched APIC routing to: cluster x2apic
[    0.150841] clocksource: tsc-early: mask: 0xffffffffffffffff max_cycles: 0x39a8208cdd2, max_idle_ns: 881590748921 ns
[    0.150846] Calibrating delay loop (skipped), value calculated using timer frequency.. 4001.60 BogoMIPS (lpj=6666560)
[    0.150879] CPU0: Thermal monitoring enabled (TM1)
[    0.150933] Last level iTLB entries: 4KB 64, 2MB 8, 4MB 8
[    0.150934] Last level dTLB entries: 4KB 64, 2MB 0, 4MB 0, 1GB 4
[    0.150938] process: using mwait in idle threads
[    0.150940] Spectre V1 : Mitigation: usercopy/swapgs barriers and __user pointer sanitization
[    0.150942] Spectre V2 : Mitigation: IBRS
[    0.150943] Spectre V2 : Spectre v2 / SpectreRSB mitigation: Filling RSB on context switch
[    0.150944] Spectre V2 : Spectre v2 / SpectreRSB : Filling RSB on VMEXIT
[    0.150944] RETBleed: Mitigation: IBRS
[    0.150946] Spectre V2 : mitigation: Enabling conditional Indirect Branch Prediction Barrier
[    0.150947] Spectre V2 : User space: Mitigation: STIBP via prctl
[    0.150948] Speculative Store Bypass: Mitigation: Speculative Store Bypass disabled via prctl
[    0.150953] MDS: Mitigation: Clear CPU buffers
[    0.150954] MMIO Stale Data: Mitigation: Clear CPU buffers
[    0.150957] SRBDS: Mitigation: Microcode
[    0.150961] GDS: Mitigation: Microcode
[    0.150966] x86/fpu: Supporting XSAVE feature 0x001: 'x87 floating point registers'
[    0.150967] x86/fpu: Supporting XSAVE feature 0x002: 'SSE registers'
[    0.150968] x86/fpu: Supporting XSAVE feature 0x004: 'AVX registers'
[    0.150969] x86/fpu: Supporting XSAVE feature 0x008: 'MPX bounds registers'
[    0.150970] x86/fpu: Supporting XSAVE feature 0x010: 'MPX CSR'
[    0.150972] x86/fpu: xstate_offset[2]:  576, xstate_sizes[2]:  256
[    0.150973] x86/fpu: xstate_offset[3]:  832, xstate_sizes[3]:   64
[    0.150975] x86/fpu: xstate_offset[4]:  896, xstate_sizes[4]:   64
[    0.150976] x86/fpu: Enabled xstate features 0x1f, context size is 960 bytes, using 'compacted' format.
[    0.154178] Freeing SMP alternatives memory: 40K
[    0.154178] pid_max: default: 32768 minimum: 301
[    0.154178] LSM: initializing lsm=capability,landlock,lockdown,yama,bpf
[    0.154178] landlock: Up and running.
[    0.154178] Yama: becoming mindful.
[    0.154178] LSM support for eBPF active
[    0.154178] Mount-cache hash table entries: 32768 (order: 6, 262144 bytes, linear)
[    0.154178] Mountpoint-cache hash table entries: 32768 (order: 6, 262144 bytes, linear)
[    0.154178] smpboot: CPU0: Intel(R) Core(TM) i7-8550U CPU @ 1.80GHz (family: 0x6, model: 0x8e, stepping: 0xa)
[    0.154178] Performance Events: PEBS fmt3+, Skylake events, 32-deep LBR, full-width counters, Intel PMU driver.
[    0.154178] ... version:                4
[    0.154178] ... bit width:              48
[    0.154178] ... generic registers:      4
[    0.154178] ... value mask:             0000ffffffffffff
[    0.154178] ... max period:             00007fffffffffff
[    0.154178] ... fixed-purpose events:   3
[    0.154178] ... event mask:             000000070000000f
[    0.154178] signal: max sigframe size: 2032
[    0.154178] Estimated ratio of average max frequency by base frequency (times 1024): 1894
[    0.154178] rcu: Hierarchical SRCU implementation.
[    0.154178] rcu: 	Max phase no-delay instances is 1000.
[    0.154178] NMI watchdog: Enabled. Permanently consumes one hw-PMU counter.
[    0.154178] smp: Bringing up secondary CPUs ...
[    0.154178] smpboot: x86: Booting SMP configuration:
[    0.154178] .... node  #0, CPUs:      #1 #2 #3 #4 #5 #6 #7
[    0.154201] MDS CPU bug present and SMT on, data leak possible. See https://www.kernel.org/doc/html/latest/admin-guide/hw-vuln/mds.html for more details.
[    0.154205] MMIO Stale Data CPU bug present and SMT on, data leak possible. See https://www.kernel.org/doc/html/latest/admin-guide/hw-vuln/processor_mmio_stale_data.html for more details.
[    0.154219] smp: Brought up 1 node, 8 CPUs
[    0.154219] smpboot: Total of 8 processors activated (32012.80 BogoMIPS)
[    0.158162] devtmpfs: initialized
[    0.158162] x86/mm: Memory block size: 128MB
[    0.158738] ACPI: PM: Registering ACPI NVS region [mem 0x52bf6000-0x52bf6fff] (4096 bytes)
[    0.158738] ACPI: PM: Registering ACPI NVS region [mem 0x65329000-0x6f616fff] (170844160 bytes)
[    0.161040] clocksource: jiffies: mask: 0xffffffff max_cycles: 0xffffffff, max_idle_ns: 6370867519511994 ns
[    0.161049] futex hash table entries: 2048 (order: 5, 131072 bytes, linear)
[    0.161111] pinctrl core: initialized pinctrl subsystem
[    0.161277] PM: RTC time: 19:56:25, date: 2024-08-12
[    0.161686] NET: Registered PF_NETLINK/PF_ROUTE protocol family
[    0.161956] DMA: preallocated 2048 KiB GFP_KERNEL pool for atomic allocations
[    0.162112] DMA: preallocated 2048 KiB GFP_KERNEL|GFP_DMA pool for atomic allocations
[    0.162257] DMA: preallocated 2048 KiB GFP_KERNEL|GFP_DMA32 pool for atomic allocations
[    0.162269] audit: initializing netlink subsys (disabled)
[    0.162344] audit: type=2000 audit(1723492585.009:1): state=initialized audit_enabled=0 res=1
[    0.162442] thermal_sys: Registered thermal governor 'fair_share'
[    0.162443] thermal_sys: Registered thermal governor 'bang_bang'
[    0.162444] thermal_sys: Registered thermal governor 'step_wise'
[    0.162445] thermal_sys: Registered thermal governor 'user_space'
[    0.162445] thermal_sys: Registered thermal governor 'power_allocator'
[    0.162456] cpuidle: using governor ladder
[    0.162459] cpuidle: using governor menu
[    0.162497] Simple Boot Flag at 0x47 set to 0x80
[    0.162497] ACPI FADT declares the system doesn't support PCIe ASPM, so disable it
[    0.162497] acpiphp: ACPI Hot Plug PCI Controller Driver version: 0.5
[    0.162497] PCI: ECAM [mem 0xe0000000-0xefffffff] (base 0xe0000000) for domain 0000 [bus 00-ff]
[    0.162497] PCI: Using configuration type 1 for base access
[    0.162497] kprobes: kprobe jump-optimization is enabled. All kprobes are optimized if possible.
[    0.167606] HugeTLB: registered 1.00 GiB page size, pre-allocated 0 pages
[    0.167606] HugeTLB: 16380 KiB vmemmap can be freed for a 1.00 GiB page
[    0.167606] HugeTLB: registered 2.00 MiB page size, pre-allocated 0 pages
[    0.167606] HugeTLB: 28 KiB vmemmap can be freed for a 2.00 MiB page
[    0.170226] Demotion targets for Node 0: null
[    0.170226] ACPI: Added _OSI(Module Device)
[    0.170226] ACPI: Added _OSI(Processor Device)
[    0.170226] ACPI: Added _OSI(3.0 _SCP Extensions)
[    0.170226] ACPI: Added _OSI(Processor Aggregator Device)
[    0.204191] ACPI: 11 ACPI AML tables successfully acquired and loaded
[    0.212079] ACPI: [Firmware Bug]: BIOS _OSI(Linux) query ignored
[    0.217763] ACPI: Dynamic OEM Table Load:
[    0.217769] ACPI: SSDT 0xFFFF8B3280FB3C00 0003FF (v02 PmRef  Cpu0Cst  00003001 INTL 20160422)
[    0.218988] ACPI: Dynamic OEM Table Load:
[    0.218993] ACPI: SSDT 0xFFFF8B3280FC5000 0005CD (v02 PmRef  Cpu0Ist  00003000 INTL 20160422)
[    0.220924] ACPI: Dynamic OEM Table Load:
[    0.220929] ACPI: SSDT 0xFFFF8B3280FC6000 00065C (v02 PmRef  ApIst    00003000 INTL 20160422)
[    0.222433] ACPI: Dynamic OEM Table Load:
[    0.222437] ACPI: SSDT 0xFFFF8B328194FE00 00018A (v02 PmRef  ApCst    00003000 INTL 20160422)
[    0.227810] ACPI: _OSC evaluated successfully for all CPUs
[    0.227980] ACPI: EC: EC started
[    0.227981] ACPI: EC: interrupt blocked
[    0.234089] ACPI: EC: EC_CMD/EC_SC=0x934, EC_DATA=0x930
[    0.234092] ACPI: \_SB_.PCI0.LPCB.ECDV: Boot DSDT EC used to handle transactions
[    0.234093] ACPI: Interpreter enabled
[    0.234129] ACPI: PM: (supports S0 S3 S4 S5)
[    0.234140] ACPI: Using IOAPIC for interrupt routing
[    0.235560] PCI: Using host bridge windows from ACPI; if necessary, use "pci=nocrs" and report a bug
[    0.235561] PCI: Using E820 reservations for host bridge windows
[    0.236160] ACPI: Enabled 8 GPEs in block 00 to 7F
[    0.239829] ACPI: \_SB_.PCI0.RP09.PXSX.WRST: New power resource
[    0.240126] ACPI: \_SB_.PCI0.RP10.PXSX.WRST: New power resource
[    0.240420] ACPI: \_SB_.PCI0.RP11.PXSX.WRST: New power resource
[    0.240712] ACPI: \_SB_.PCI0.RP12.PXSX.WRST: New power resource
[    0.241005] ACPI: \_SB_.PCI0.RP13.PXSX.WRST: New power resource
[    0.241297] ACPI: \_SB_.PCI0.RP01.PXSX.WRST: New power resource
[    0.242032] ACPI: \_SB_.PCI0.RP02.PXSX.WRST: New power resource
[    0.242325] ACPI: \_SB_.PCI0.RP03.PXSX.WRST: New power resource
[    0.242615] ACPI: \_SB_.PCI0.RP04.PXSX.WRST: New power resource
[    0.242910] ACPI: \_SB_.PCI0.RP05.PXSX.WRST: New power resource
[    0.243201] ACPI: \_SB_.PCI0.RP06.PXSX.WRST: New power resource
[    0.243491] ACPI: \_SB_.PCI0.RP07.PXSX.WRST: New power resource
[    0.243787] ACPI: \_SB_.PCI0.RP08.PXSX.WRST: New power resource
[    0.244079] ACPI: \_SB_.PCI0.RP17.PXSX.WRST: New power resource
[    0.244374] ACPI: \_SB_.PCI0.RP18.PXSX.WRST: New power resource
[    0.244668] ACPI: \_SB_.PCI0.RP19.PXSX.WRST: New power resource
[    0.244962] ACPI: \_SB_.PCI0.RP20.PXSX.WRST: New power resource
[    0.246185] ACPI: \_SB_.PCI0.RP14.PXSX.WRST: New power resource
[    0.246476] ACPI: \_SB_.PCI0.RP15.PXSX.WRST: New power resource
[    0.246771] ACPI: \_SB_.PCI0.RP16.PXSX.WRST: New power resource
[    0.268319] ACPI: PCI Root Bridge [PCI0] (domain 0000 [bus 00-fe])
[    0.268340] acpi PNP0A08:00: _OSC: OS supports [ExtendedConfig ASPM ClockPM Segments MSI EDR HPX-Type3]
[    0.268528] acpi PNP0A08:00: _OSC: platform does not support [PCIeHotplug SHPCHotplug PME]
[    0.268883] acpi PNP0A08:00: _OSC: OS now controls [AER PCIeCapability LTR DPC]
[    0.268885] acpi PNP0A08:00: FADT indicates ASPM is unsupported, using BIOS configuration
[    0.269790] PCI host bridge to bus 0000:00
[    0.269792] pci_bus 0000:00: root bus resource [io  0x0000-0x0cf7 window]
[    0.269794] pci_bus 0000:00: root bus resource [io  0x0d00-0xffff window]
[    0.269796] pci_bus 0000:00: root bus resource [mem 0x000a0000-0x000dffff window]
[    0.269798] pci_bus 0000:00: root bus resource [mem 0x7c800000-0xdfffffff window]
[    0.269799] pci_bus 0000:00: root bus resource [mem 0xfd000000-0xfe7fffff window]
[    0.269800] pci_bus 0000:00: root bus resource [bus 00-fe]
[    0.269818] pci 0000:00:00.0: [8086:5914] type 00 class 0x060000 conventional PCI endpoint
[    0.269887] pci 0000:00:02.0: [8086:5917] type 00 class 0x030000 PCIe Root Complex Integrated Endpoint
[    0.269895] pci 0000:00:02.0: BAR 0 [mem 0xdb000000-0xdbffffff 64bit]
[    0.269900] pci 0000:00:02.0: BAR 2 [mem 0x90000000-0x9fffffff 64bit pref]
[    0.269904] pci 0000:00:02.0: BAR 4 [io  0xf000-0xf03f]
[    0.269934] pci 0000:00:02.0: Video device with shadowed ROM at [mem 0x000c0000-0x000dffff]
[    0.270098] pci 0000:00:04.0: [8086:1903] type 00 class 0x118000 conventional PCI endpoint
[    0.270107] pci 0000:00:04.0: BAR 0 [mem 0xdc420000-0xdc427fff 64bit]
[    0.270406] pci 0000:00:14.0: [8086:9d2f] type 00 class 0x0c0330 conventional PCI endpoint
[    0.270425] pci 0000:00:14.0: BAR 0 [mem 0xdc410000-0xdc41ffff 64bit]
[    0.270490] pci 0000:00:14.0: PME# supported from D3hot D3cold
[    0.271109] pci 0000:00:14.2: [8086:9d31] type 00 class 0x118000 conventional PCI endpoint
[    0.271126] pci 0000:00:14.2: BAR 0 [mem 0xdc434000-0xdc434fff 64bit]
[    0.271309] pci 0000:00:15.0: [8086:9d60] type 00 class 0x118000 conventional PCI endpoint
[    0.271441] pci 0000:00:15.0: BAR 0 [mem 0xdc433000-0xdc433fff 64bit]
[    0.272182] pci 0000:00:15.1: [8086:9d61] type 00 class 0x118000 conventional PCI endpoint
[    0.272339] pci 0000:00:15.1: BAR 0 [mem 0xdc432000-0xdc432fff 64bit]
[    0.273012] pci 0000:00:16.0: [8086:9d3a] type 00 class 0x078000 conventional PCI endpoint
[    0.273032] pci 0000:00:16.0: BAR 0 [mem 0xdc431000-0xdc431fff 64bit]
[    0.273093] pci 0000:00:16.0: PME# supported from D3hot
[    0.273464] pci 0000:00:1c.0: [8086:9d10] type 01 class 0x060400 PCIe Root Port
[    0.273487] pci 0000:00:1c.0: PCI bridge to [bus 01-39]
[    0.273493] pci 0000:00:1c.0:   bridge window [mem 0xc4000000-0xda0fffff]
[    0.273501] pci 0000:00:1c.0:   bridge window [mem 0xa0000000-0xc1ffffff 64bit pref]
[    0.273556] pci 0000:00:1c.0: PME# supported from D0 D3hot D3cold
[    0.274122] pci 0000:00:1c.4: [8086:9d14] type 01 class 0x060400 PCIe Root Port
[    0.274142] pci 0000:00:1c.4: PCI bridge to [bus 3a]
[    0.274147] pci 0000:00:1c.4:   bridge window [mem 0xdc000000-0xdc1fffff]
[    0.274206] pci 0000:00:1c.4: PME# supported from D0 D3hot D3cold
[    0.274754] pci 0000:00:1c.5: [8086:9d15] type 01 class 0x060400 PCIe Root Port
[    0.274776] pci 0000:00:1c.5: PCI bridge to [bus 3b]
[    0.274781] pci 0000:00:1c.5:   bridge window [mem 0xdc300000-0xdc3fffff]
[    0.274841] pci 0000:00:1c.5: PME# supported from D0 D3hot D3cold
[    0.275391] pci 0000:00:1d.0: [8086:9d18] type 01 class 0x060400 PCIe Root Port
[    0.275413] pci 0000:00:1d.0: PCI bridge to [bus 3c]
[    0.275418] pci 0000:00:1d.0:   bridge window [mem 0xdc200000-0xdc2fffff]
[    0.275474] pci 0000:00:1d.0: PME# supported from D0 D3hot D3cold
[    0.276044] pci 0000:00:1f.0: [8086:9d4e] type 00 class 0x060100 conventional PCI endpoint
[    0.276379] pci 0000:00:1f.2: [8086:9d21] type 00 class 0x058000 conventional PCI endpoint
[    0.276392] pci 0000:00:1f.2: BAR 0 [mem 0xdc42c000-0xdc42ffff]
[    0.276651] pci 0000:00:1f.3: [8086:9d71] type 00 class 0x040380 conventional PCI endpoint
[    0.276672] pci 0000:00:1f.3: BAR 0 [mem 0xdc428000-0xdc42bfff 64bit]
[    0.276697] pci 0000:00:1f.3: BAR 4 [mem 0xdc400000-0xdc40ffff 64bit]
[    0.276743] pci 0000:00:1f.3: PME# supported from D3hot D3cold
[    0.277436] pci 0000:00:1f.4: [8086:9d23] type 00 class 0x0c0500 conventional PCI endpoint
[    0.277494] pci 0000:00:1f.4: BAR 0 [mem 0xdc430000-0xdc4300ff 64bit]
[    0.277561] pci 0000:00:1f.4: BAR 4 [io  0xf040-0xf05f]
[    0.277926] pci 0000:00:1c.0: PCI bridge to [bus 01-39]
[    0.278379] pci 0000:3a:00.0: [168c:003e] type 00 class 0x028000 PCIe Endpoint
[    0.278609] pci 0000:3a:00.0: BAR 0 [mem 0xdc000000-0xdc1fffff 64bit]
[    0.279950] pci 0000:3a:00.0: PME# supported from D0 D3hot D3cold
[    0.282105] pci 0000:00:1c.4: PCI bridge to [bus 3a]
[    0.282211] pci 0000:3b:00.0: [10ec:525a] type 00 class 0xff0000 PCIe Endpoint
[    0.282235] pci 0000:3b:00.0: BAR 1 [mem 0xdc300000-0xdc300fff]
[    0.282348] pci 0000:3b:00.0: supports D1 D2
[    0.282349] pci 0000:3b:00.0: PME# supported from D1 D2 D3hot D3cold
[    0.282761] pci 0000:00:1c.5: PCI bridge to [bus 3b]
[    0.282861] pci 0000:3c:00.0: [1c5c:1527] type 00 class 0x010802 PCIe Endpoint
[    0.282881] pci 0000:3c:00.0: BAR 0 [mem 0xdc200000-0xdc203fff 64bit]
[    0.283424] pci 0000:00:1d.0: PCI bridge to [bus 3c]
[    0.285952] ACPI: PCI: Interrupt link LNKA configured for IRQ 11
[    0.286007] ACPI: PCI: Interrupt link LNKB configured for IRQ 10
[    0.286060] ACPI: PCI: Interrupt link LNKC configured for IRQ 11
[    0.286113] ACPI: PCI: Interrupt link LNKD configured for IRQ 11
[    0.286166] ACPI: PCI: Interrupt link LNKE configured for IRQ 11
[    0.286219] ACPI: PCI: Interrupt link LNKF configured for IRQ 11
[    0.286273] ACPI: PCI: Interrupt link LNKG configured for IRQ 11
[    0.286326] ACPI: PCI: Interrupt link LNKH configured for IRQ 11
[    0.294960] Low-power S0 idle used by default for system suspend
[    0.299655] ACPI: EC: interrupt unblocked
[    0.299656] ACPI: EC: event unblocked
[    0.299661] ACPI: EC: EC_CMD/EC_SC=0x934, EC_DATA=0x930
[    0.299663] ACPI: EC: GPE=0x14
[    0.299664] ACPI: \_SB_.PCI0.LPCB.ECDV: Boot DSDT EC initialization complete
[    0.299666] ACPI: \_SB_.PCI0.LPCB.ECDV: EC: Used to handle transactions and events
[    0.299737] iommu: Default domain type: Translated
[    0.299737] iommu: DMA domain TLB invalidation policy: lazy mode
[    0.299737] SCSI subsystem initialized
[    0.299737] libata version 3.00 loaded.
[    0.299737] ACPI: bus type USB registered
[    0.299737] usbcore: registered new interface driver usbfs
[    0.299737] usbcore: registered new interface driver hub
[    0.299737] usbcore: registered new device driver usb
[    0.299737] EDAC MC: Ver: 3.0.0
[    0.299737] efivars: Registered efivars operations
[    0.299737] NetLabel: Initializing
[    0.299737] NetLabel:  domain hash size = 128
[    0.299737] NetLabel:  protocols = UNLABELED CIPSOv4 CALIPSO
[    0.299737] NetLabel:  unlabeled traffic allowed by default
[    0.299737] mctp: management component transport protocol core
[    0.299737] NET: Registered PF_MCTP protocol family
[    0.299737] PCI: Using ACPI for IRQ routing
[    0.325746] PCI: pci_cache_line_size set to 64 bytes
[    0.326133] e820: reserve RAM buffer [mem 0x00058000-0x0005ffff]
[    0.326135] e820: reserve RAM buffer [mem 0x0009e000-0x0009ffff]
[    0.326136] e820: reserve RAM buffer [mem 0x4e24f018-0x4fffffff]
[    0.326137] e820: reserve RAM buffer [mem 0x52bf6000-0x53ffffff]
[    0.326138] e820: reserve RAM buffer [mem 0x62419000-0x63ffffff]
[    0.326139] e820: reserve RAM buffer [mem 0x64f27000-0x67ffffff]
[    0.326140] e820: reserve RAM buffer [mem 0x78600000-0x7bffffff]
[    0.326141] e820: reserve RAM buffer [mem 0x481800000-0x483ffffff]
[    0.326169] pci 0000:00:02.0: vgaarb: setting as boot VGA device
[    0.326169] pci 0000:00:02.0: vgaarb: bridge control possible
[    0.326169] pci 0000:00:02.0: vgaarb: VGA device added: decodes=io+mem,owns=io+mem,locks=none
[    0.326169] vgaarb: loaded
[    0.326169] clocksource: Switched to clocksource tsc-early
[    0.326169] VFS: Disk quotas dquot_6.6.0
[    0.326169] VFS: Dquot-cache hash table entries: 512 (order 0, 4096 bytes)
[    0.326169] pnp: PnP ACPI init
[    0.326169] system 00:00: [io  0x0680-0x069f] has been reserved
[    0.326169] system 00:00: [io  0xffff] has been reserved
[    0.326169] system 00:00: [io  0xffff] has been reserved
[    0.326169] system 00:00: [io  0xffff] has been reserved
[    0.326169] system 00:00: [io  0x1800-0x18fe] has been reserved
[    0.326169] system 00:00: [io  0x164e-0x164f] has been reserved
[    0.326169] system 00:02: [io  0x1854-0x1857] has been reserved
[    0.326169] system 00:05: [mem 0xfed10000-0xfed17fff] has been reserved
[    0.326169] system 00:05: [mem 0xfed18000-0xfed18fff] has been reserved
[    0.326169] system 00:05: [mem 0xfed19000-0xfed19fff] has been reserved
[    0.326169] system 00:05: [mem 0xe0000000-0xefffffff] has been reserved
[    0.326169] system 00:05: [mem 0xfed20000-0xfed3ffff] has been reserved
[    0.326169] system 00:05: [mem 0xfed90000-0xfed93fff] could not be reserved
[    0.326169] system 00:05: [mem 0xfed45000-0xfed8ffff] has been reserved
[    0.326169] system 00:05: [mem 0xff000000-0xffffffff] has been reserved
[    0.326169] system 00:05: [mem 0xfee00000-0xfeefffff] could not be reserved
[    0.326169] system 00:05: [mem 0xdffe0000-0xdfffffff] has been reserved
[    0.326169] system 00:06: [mem 0xfd000000-0xfdabffff] has been reserved
[    0.326169] system 00:06: [mem 0xfdad0000-0xfdadffff] has been reserved
[    0.326169] system 00:06: [mem 0xfdb00000-0xfdffffff] has been reserved
[    0.326169] system 00:06: [mem 0xfe000000-0xfe01ffff] could not be reserved
[    0.326169] system 00:06: [mem 0xfe036000-0xfe03bfff] has been reserved
[    0.326169] system 00:06: [mem 0xfe03d000-0xfe3fffff] has been reserved
[    0.326169] system 00:06: [mem 0xfe410000-0xfe7fffff] has been reserved
[    0.326169] system 00:07: [io  0xff00-0xfffe] has been reserved
[    0.327021] system 00:08: [mem 0xfe029000-0xfe029fff] has been reserved
[    0.327023] system 00:08: [mem 0xfe028000-0xfe028fff] has been reserved
[    0.330820] pnp: PnP ACPI: found 9 devices
[    0.336257] clocksource: acpi_pm: mask: 0xffffff max_cycles: 0xffffff, max_idle_ns: 2085701024 ns
[    0.336311] NET: Registered PF_INET protocol family
[    0.336450] IP idents hash table entries: 262144 (order: 9, 2097152 bytes, linear)
[    0.350074] tcp_listen_portaddr_hash hash table entries: 8192 (order: 5, 131072 bytes, linear)
[    0.350097] Table-perturb hash table entries: 65536 (order: 6, 262144 bytes, linear)
[    0.350138] TCP established hash table entries: 131072 (order: 8, 1048576 bytes, linear)
[    0.350339] TCP bind hash table entries: 65536 (order: 9, 2097152 bytes, linear)
[    0.350525] TCP: Hash tables configured (established 131072 bind 65536)
[    0.350592] MPTCP token hash table entries: 16384 (order: 6, 393216 bytes, linear)
[    0.350649] UDP hash table entries: 8192 (order: 6, 262144 bytes, linear)
[    0.350681] UDP-Lite hash table entries: 8192 (order: 6, 262144 bytes, linear)
[    0.350727] NET: Registered PF_UNIX/PF_LOCAL protocol family
[    0.350735] NET: Registered PF_XDP protocol family
[    0.350743] pci 0000:00:1c.0: bridge window [io  0x1000-0x0fff] to [bus 01-39] add_size 1000
[    0.350754] pci 0000:00:1c.0: bridge window [io  0x2000-0x2fff]: assigned
[    0.350757] pci 0000:00:1c.0: PCI bridge to [bus 01-39]
[    0.350760] pci 0000:00:1c.0:   bridge window [io  0x2000-0x2fff]
[    0.350764] pci 0000:00:1c.0:   bridge window [mem 0xc4000000-0xda0fffff]
[    0.350767] pci 0000:00:1c.0:   bridge window [mem 0xa0000000-0xc1ffffff 64bit pref]
[    0.350772] pci 0000:00:1c.4: PCI bridge to [bus 3a]
[    0.350775] pci 0000:00:1c.4:   bridge window [mem 0xdc000000-0xdc1fffff]
[    0.350780] pci 0000:00:1c.5: PCI bridge to [bus 3b]
[    0.350783] pci 0000:00:1c.5:   bridge window [mem 0xdc300000-0xdc3fffff]
[    0.350789] pci 0000:00:1d.0: PCI bridge to [bus 3c]
[    0.350792] pci 0000:00:1d.0:   bridge window [mem 0xdc200000-0xdc2fffff]
[    0.350798] pci_bus 0000:00: resource 4 [io  0x0000-0x0cf7 window]
[    0.350799] pci_bus 0000:00: resource 5 [io  0x0d00-0xffff window]
[    0.350801] pci_bus 0000:00: resource 6 [mem 0x000a0000-0x000dffff window]
[    0.350802] pci_bus 0000:00: resource 7 [mem 0x7c800000-0xdfffffff window]
[    0.350803] pci_bus 0000:00: resource 8 [mem 0xfd000000-0xfe7fffff window]
[    0.350807] pci_bus 0000:01: resource 0 [io  0x2000-0x2fff]
[    0.350808] pci_bus 0000:01: resource 1 [mem 0xc4000000-0xda0fffff]
[    0.350809] pci_bus 0000:01: resource 2 [mem 0xa0000000-0xc1ffffff 64bit pref]
[    0.350812] pci_bus 0000:3a: resource 1 [mem 0xdc000000-0xdc1fffff]
[    0.350817] pci_bus 0000:3b: resource 1 [mem 0xdc300000-0xdc3fffff]
[    0.350819] pci_bus 0000:3c: resource 1 [mem 0xdc200000-0xdc2fffff]
[    0.351482] PCI: CLS 0 bytes, default 64
[    0.351551] pci 0000:00:1f.1: [8086:9d20] type 00 class 0x058000 conventional PCI endpoint
[    0.351610] pci 0000:00:1f.1: BAR 0 [mem 0xfd000000-0xfdffffff 64bit]
[    0.351844] DMAR: ACPI device "device:79" under DMAR at fed91000 as 00:15.0
[    0.351847] DMAR: ACPI device "device:7a" under DMAR at fed91000 as 00:15.1
[    0.351857] PCI-DMA: Using software bounce buffering for IO (SWIOTLB)
[    0.351859] software IO TLB: mapped [mem 0x000000005e419000-0x0000000062419000] (64MB)
[    0.351906] Trying to unpack rootfs image as initramfs...
[    0.351926] sgx: EPC section 0x70200000-0x75f7ffff
[    0.363552] Initialise system trusted keyrings
[    0.363563] Key type blacklist registered
[    0.363628] workingset: timestamp_bits=41 max_order=22 bucket_order=0
[    0.363639] zbud: loaded
[    0.363742] fuse: init (API version 7.40)
[    0.363827] integrity: Platform Keyring initialized
[    0.363829] integrity: Machine keyring initialized
[    0.375050] Key type asymmetric registered
[    0.375053] Asymmetric key parser 'x509' registered
[    0.375080] Block layer SCSI generic (bsg) driver version 0.4 loaded (major 246)
[    0.375178] io scheduler mq-deadline registered
[    0.375181] io scheduler kyber registered
[    0.375193] io scheduler bfq registered
[    0.375667] pcieport 0000:00:1c.0: AER: enabled with IRQ 120
[    0.375923] pcieport 0000:00:1c.4: AER: enabled with IRQ 121
[    0.376149] pcieport 0000:00:1c.5: AER: enabled with IRQ 122
[    0.376365] pcieport 0000:00:1d.0: AER: enabled with IRQ 123
[    0.376447] shpchp: Standard Hot Plug PCI Controller Driver version: 0.4
[    0.378686] ACPI: AC: AC Adapter [AC] (off-line)
[    0.378766] input: Lid Switch as /devices/LNXSYSTM:00/LNXSYBUS:00/PNP0C0D:00/input/input0
[    0.379510] ACPI: button: Lid Switch [LID0]
[    0.379551] input: Power Button as /devices/LNXSYSTM:00/LNXSYBUS:00/PNP0C0C:00/input/input1
[    0.379688] ACPI: button: Power Button [PBTN]
[    0.379711] input: Sleep Button as /devices/LNXSYSTM:00/LNXSYBUS:00/PNP0C0E:00/input/input2
[    0.379737] ACPI: button: Sleep Button [SBTN]
[    0.379757] input: Power Button as /devices/LNXSYSTM:00/LNXPWRBN:00/input/input3
[    0.379814] ACPI: button: Power Button [PWRF]
[    0.381932] thermal LNXTHERM:00: registered as thermal_zone0
[    0.381934] ACPI: thermal: Thermal Zone [THM] (25 C)
[    0.382270] Serial: 8250/16550 driver, 32 ports, IRQ sharing enabled
[    0.385470] hpet_acpi_add: no address or irqs in _CRS
[    0.385511] Non-volatile memory driver v1.3
[    0.385513] Linux agpgart interface v0.103
[    0.392049] Freeing initrd memory: 15400K
[    0.397883] tpm_tis MSFT0101:00: 2.0 TPM (device-id 0xFE, rev-id 4)
[    0.419326] ACPI: battery: Slot [BAT0] (battery present)
[    0.524344] ACPI: bus type drm_connector registered
[    0.526821] usbcore: registered new interface driver usbserial_generic
[    0.526825] usbserial: USB Serial support registered for generic
[    0.527247] rtc_cmos 00:01: RTC can wake from S4
[    0.527981] rtc_cmos 00:01: registered as rtc0
[    0.528110] rtc_cmos 00:01: setting system clock to 2024-08-12T19:56:26 UTC (1723492586)
[    0.528132] rtc_cmos 00:01: alarms up to one month, y3k, 242 bytes nvram
[    0.528486] intel_pstate: Intel P-state driver initializing
[    0.528932] intel_pstate: HWP enabled
[    0.528974] ledtrig-cpu: registered to indicate activity on CPUs
[    0.529312] [drm] Initialized simpledrm 1.0.0 20200625 for simple-framebuffer.0 on minor 0
[    0.531385] fbcon: Deferring console take-over
[    0.531391] simple-framebuffer simple-framebuffer.0: [drm] fb0: simpledrmdrmfb frame buffer device
[    0.531496] hid: raw HID events driver (C) Jiri Kosina
[    0.531586] drop_monitor: Initializing network drop monitor service
[    0.531681] NET: Registered PF_INET6 protocol family
[    0.538127] Segment Routing with IPv6
[    0.538129] RPL Segment Routing with IPv6
[    0.538139] In-situ OAM (IOAM) with IPv6
[    0.538162] NET: Registered PF_PACKET protocol family
[    0.539113] ENERGY_PERF_BIAS: Set to 'normal', was 'performance'
[    0.540615] microcode: Current revision: 0x000000f4
[    0.540618] microcode: Updated early from: 0x000000b4
[    0.542071] IPI shorthand broadcast: enabled
[    0.544034] sched_clock: Marking stable (536669071, 6083140)->(581192900, -38440689)
[    0.544232] Timer migration: 1 hierarchy levels; 8 children per group; 1 crossnode level
[    0.549822] registered taskstats version 1
[    0.550532] Loading compiled-in X.509 certificates
[    0.553602] Loaded X.509 cert 'Build time autogenerated kernel key: 634e326a06f4fa787244b126c789fbd74e2348e3'
[    0.555234] Demotion targets for Node 0: null
[    0.555449] Key type .fscrypt registered
[    0.555451] Key type fscrypt-provisioning registered
[    0.555910] integrity: Loading X.509 certificate: UEFI:db
[    0.555930] integrity: Loaded X.509 cert 'Dell Inc. UEFI DB: 5ddb772dc880660055ba0bc131886bb630a639e7'
[    0.555931] integrity: Loading X.509 certificate: UEFI:db
[    0.555952] integrity: Loaded X.509 cert 'Microsoft Corporation UEFI CA 2011: 13adbf4309bd82709c8cd54f316ed522988a1bd4'
[    0.555953] integrity: Loading X.509 certificate: UEFI:db
[    0.555968] integrity: Loaded X.509 cert 'Microsoft Windows Production PCA 2011: a92902398e16c49778cd90f99e4f9ae17c55af53'
[    0.556678] PM:   Magic number: 4:820:950
[    0.556705] cpuid cpu5: hash matches
[    0.556717] tty tty7: hash matches
[    0.556790] processor cpu5: hash matches
[    0.556808] memory memory3: hash matches
[    0.562264] RAS: Correctable Errors collector initialized.
[    0.576219] clk: Disabling unused clocks
[    0.576222] PM: genpd: Disabling unused power domains
[    0.577360] Freeing unused decrypted memory: 2028K
[    0.577849] Freeing unused kernel image (initmem) memory: 3432K
[    0.577942] Write protecting the kernel read-only data: 32768k
[    0.578555] Freeing unused kernel image (rodata/data gap) memory: 900K
[    0.618861] x86/mm: Checked W+X mappings: passed, no W+X pages found.
[    0.618865] rodata_test: all tests were successful
[    0.618867] x86/mm: Checking user space page tables
[    0.654811] x86/mm: Checked W+X mappings: passed, no W+X pages found.
[    0.654815] Run /init as init process
[    0.654816]   with arguments:
[    0.654817]     /init
[    0.654818]   with environment:
[    0.654819]     HOME=/
[    0.654820]     TERM=linux
[    0.685631] fbcon: Taking over console
[    0.694930] Console: switching to colour frame buffer device 200x56
[    0.860618] wmi_bus wmi_bus-PNP0C14:01: [Firmware Bug]: WQBC data block query control method not found
[    0.870266] i8042: PNP: PS/2 Controller [PNP0303:PS2K,PNP0f13:PS2M] at 0x60,0x64 irq 1,12
[    0.871201] i8042: Warning: Keylock active
[    0.873544] serio: i8042 KBD port at 0x60,0x64 irq 1
[    0.873556] serio: i8042 AUX port at 0x60,0x64 irq 12
[    0.878041] xhci_hcd 0000:00:14.0: xHCI Host Controller
[    0.878051] xhci_hcd 0000:00:14.0: new USB bus registered, assigned bus number 1
[    0.879140] xhci_hcd 0000:00:14.0: hcc params 0x200077c1 hci version 0x100 quirks 0x0000000081109810
[    0.879790] xhci_hcd 0000:00:14.0: xHCI Host Controller
[    0.879795] xhci_hcd 0000:00:14.0: new USB bus registered, assigned bus number 2
[    0.879800] xhci_hcd 0000:00:14.0: Host supports USB 3.0 SuperSpeed
[    0.879855] usb usb1: New USB device found, idVendor=1d6b, idProduct=0002, bcdDevice= 6.10
[    0.879859] usb usb1: New USB device strings: Mfr=3, Product=2, SerialNumber=1
[    0.879861] usb usb1: Product: xHCI Host Controller
[    0.879863] usb usb1: Manufacturer: Linux 6.10.3-arch1-2 xhci-hcd
[    0.879865] usb usb1: SerialNumber: 0000:00:14.0
[    0.880060] hub 1-0:1.0: USB hub found
[    0.880081] hub 1-0:1.0: 12 ports detected
[    0.881696] rtsx_pci 0000:3b:00.0: enabling device (0000 -> 0002)
[    0.883059] usb usb2: New USB device found, idVendor=1d6b, idProduct=0003, bcdDevice= 6.10
[    0.883065] usb usb2: New USB device strings: Mfr=3, Product=2, SerialNumber=1
[    0.883068] usb usb2: Product: xHCI Host Controller
[    0.883070] usb usb2: Manufacturer: Linux 6.10.3-arch1-2 xhci-hcd
[    0.883073] usb usb2: SerialNumber: 0000:00:14.0
[    0.883308] hub 2-0:1.0: USB hub found
[    0.883323] hub 2-0:1.0: 6 ports detected
[    0.905244] nvme nvme0: pci function 0000:3c:00.0
[    0.921244] nvme nvme0: 8/0/0 default/read/poll queues
[    0.924969]  nvme0n1: p1 p2 p3
[    0.950301] input: AT Translated Set 2 keyboard as /devices/platform/i8042/serio0/input/input4
[    1.132796] usb 1-3: new full-speed USB device number 2 using xhci_hcd
[    1.274359] usb 1-3: New USB device found, idVendor=0cf3, idProduct=e301, bcdDevice= 0.01
[    1.274362] usb 1-3: New USB device strings: Mfr=0, Product=0, SerialNumber=0
[    1.376097] tsc: Refined TSC clocksource calibration: 1992.000 MHz
[    1.376104] clocksource: tsc: mask: 0xffffffffffffffff max_cycles: 0x396d519840e, max_idle_ns: 881590569543 ns
[    1.376124] clocksource: Switched to clocksource tsc
[    1.399792] usb 1-4: new full-speed USB device number 3 using xhci_hcd
[    1.399984] Console: switching to colour dummy device 80x25
[    1.421222] i915 0000:00:02.0: vgaarb: deactivate vga console
[    1.424073] i915 0000:00:02.0: vgaarb: VGA decodes changed: olddecodes=io+mem,decodes=io+mem:owns=io+mem
[    1.425558] i915 0000:00:02.0: [drm] Finished loading DMC firmware i915/kbl_dmc_ver1_04.bin (v1.4)
[    1.543569] usb 1-4: New USB device found, idVendor=04f3, idProduct=20d0, bcdDevice=11.12
[    1.543584] usb 1-4: New USB device strings: Mfr=4, Product=14, SerialNumber=0
[    1.543592] usb 1-4: Product: Touchscreen
[    1.543597] usb 1-4: Manufacturer: ELAN
[    1.577810] usbcore: registered new interface driver usbhid
[    1.577814] usbhid: USB HID core driver
[    1.585861] input: ELAN Touchscreen as /devices/pci0000:00/0000:00:14.0/usb1/1-4/1-4:1.0/0003:04F3:20D0.0001/input/input6
[    1.585938] input: ELAN Touchscreen as /devices/pci0000:00/0000:00:14.0/usb1/1-4/1-4:1.0/0003:04F3:20D0.0001/input/input7
[    1.585998] input: ELAN Touchscreen as /devices/pci0000:00/0000:00:14.0/usb1/1-4/1-4:1.0/0003:04F3:20D0.0001/input/input8
[    1.586138] hid-generic 0003:04F3:20D0.0001: input,hiddev96,hidraw0: USB HID v1.10 Device [ELAN Touchscreen] on usb-0000:00:14.0-4/input0
[    1.672811] usb 1-5: new high-speed USB device number 4 using xhci_hcd
[    1.705268] input: ELAN Touchscreen as /devices/pci0000:00/0000:00:14.0/usb1/1-4/1-4:1.0/0003:04F3:20D0.0001/input/input10
[    1.705321] input: ELAN Touchscreen UNKNOWN as /devices/pci0000:00/0000:00:14.0/usb1/1-4/1-4:1.0/0003:04F3:20D0.0001/input/input11
[    1.705364] input: ELAN Touchscreen UNKNOWN as /devices/pci0000:00/0000:00:14.0/usb1/1-4/1-4:1.0/0003:04F3:20D0.0001/input/input12
[    1.705455] hid-multitouch 0003:04F3:20D0.0001: input,hiddev96,hidraw0: USB HID v1.10 Device [ELAN Touchscreen] on usb-0000:00:14.0-4/input0
[    1.876714] usb 1-5: New USB device found, idVendor=0c45, idProduct=670c, bcdDevice=56.26
[    1.876718] usb 1-5: New USB device strings: Mfr=2, Product=1, SerialNumber=0
[    1.876720] usb 1-5: Product: Integrated_Webcam_HD
[    1.876722] usb 1-5: Manufacturer: CN09GTFMLOG007BDB6J1A01
[    2.138202] [drm] Initialized i915 1.6.0 20230929 for 0000:00:02.0 on minor 1
[    2.147546] ACPI: video: Video Device [GFX0] (multi-head: yes  rom: no  post: no)
[    2.149477] input: Video Bus as /devices/LNXSYSTM:00/LNXSYBUS:00/PNP0A08:00/LNXVIDEO:00/input/input14
[    2.204753] fbcon: i915drmfb (fb0) is primary device
[    2.219989] Console: switching to colour frame buffer device 200x56
[    2.248912] i915 0000:00:02.0: [drm] fb0: i915drmfb frame buffer device
[    2.868267] SGI XFS with ACLs, security attributes, realtime, scrub, repair, quota, no debug enabled
[    2.871960] XFS (nvme0n1p2): Mounting V5 Filesystem 28b82b76-a6c2-492f-a1b0-49ccb41c4965
[    2.894157] XFS (nvme0n1p2): Ending clean mount
[    3.017463] systemd[1]: systemd 256.4-1-arch running in system mode (+PAM +AUDIT -SELINUX -APPARMOR -IMA +SMACK +SECCOMP +GCRYPT +GNUTLS +OPENSSL +ACL +BLKID +CURL +ELFUTILS +FIDO2 +IDN2 -IDN +IPTC +KMOD +LIBCRYPTSETUP +LIBCRYPTSETUP_PLUGINS +LIBFDISK +PCRE2 +PWQUALITY +P11KIT +QRENCODE +TPM2 +BZIP2 +LZ4 +XZ +ZLIB +ZSTD +BPF_FRAMEWORK +XKBCOMMON +UTMP -SYSVINIT +LIBARCHIVE)
[    3.017473] systemd[1]: Detected architecture x86-64.
[    3.019070] systemd[1]: Hostname set to <f>.
[    3.275262] systemd[1]: bpf-restrict-fs: LSM BPF program attached
[    3.325772] zram: Added device: zram0
[    3.432684] systemd[1]: Queued start job for default target Graphical Interface.
[    3.472781] systemd[1]: Created slice Slice /system/dirmngr.
[    3.473501] systemd[1]: Created slice Slice /system/getty.
[    3.474115] systemd[1]: Created slice Slice /system/gpg-agent.
[    3.474728] systemd[1]: Created slice Slice /system/gpg-agent-browser.
[    3.475345] systemd[1]: Created slice Slice /system/gpg-agent-extra.
[    3.475959] systemd[1]: Created slice Slice /system/gpg-agent-ssh.
[    3.476636] systemd[1]: Created slice Slice /system/keyboxd.
[    3.477255] systemd[1]: Created slice Slice /system/modprobe.
[    3.477860] systemd[1]: Created slice Slice /system/systemd-fsck.
[    3.478473] systemd[1]: Created slice Slice /system/systemd-zram-setup.
[    3.478969] systemd[1]: Created slice User and Session Slice.
[    3.479130] systemd[1]: Started Dispatch Password Requests to Console Directory Watch.
[    3.479271] systemd[1]: Started Forward Password Requests to Wall Directory Watch.
[    3.479619] systemd[1]: Set up automount Arbitrary Executable File Formats File System Automount Point.
[    3.479743] systemd[1]: Expecting device /dev/disk/by-uuid/6415-304D...
[    3.479824] systemd[1]: Expecting device /dev/disk/by-uuid/8935f784-b775-45b7-949a-f02121674068...
[    3.479916] systemd[1]: Expecting device /dev/zram0...
[    3.479984] systemd[1]: Reached target Local Encrypted Volumes.
[    3.480083] systemd[1]: Reached target Local Integrity Protected Volumes.
[    3.480190] systemd[1]: Reached target Path Units.
[    3.480269] systemd[1]: Reached target Remote File Systems.
[    3.480346] systemd[1]: Reached target Slice Units.
[    3.480463] systemd[1]: Reached target Local Verity Protected Volumes.
[    3.480665] systemd[1]: Listening on Device-mapper event daemon FIFOs.
[    3.483808] systemd[1]: Listening on Process Core Dump Socket.
[    3.485850] systemd[1]: Listening on Credential Encryption/Decryption.
[    3.486102] systemd[1]: Listening on Journal Socket (/dev/log).
[    3.486289] systemd[1]: Listening on Journal Sockets.
[    3.486407] systemd[1]: TPM PCR Measurements was skipped because of an unmet condition check (ConditionSecurity=measured-uki).
[    3.486428] systemd[1]: Make TPM PCR Policy was skipped because of an unmet condition check (ConditionSecurity=measured-uki).
[    3.486526] systemd[1]: Listening on udev Control Socket.
[    3.486665] systemd[1]: Listening on udev Kernel Socket.
[    3.486811] systemd[1]: Listening on User Database Manager Socket.
[    3.488147] systemd[1]: Mounting Huge Pages File System...
[    3.489202] systemd[1]: Mounting POSIX Message Queue File System...
[    3.490371] systemd[1]: Mounting Kernel Debug File System...
[    3.491397] systemd[1]: Mounting Kernel Trace File System...
[    3.493680] systemd[1]: Starting Create List of Static Device Nodes...
[    3.495882] systemd[1]: Starting Load Kernel Module configfs...
[    3.497218] systemd[1]: Starting Load Kernel Module dm_mod...
[    3.498529] systemd[1]: Starting Load Kernel Module drm...
[    3.499904] systemd[1]: Starting Load Kernel Module fuse...
[    3.501060] systemd[1]: Starting Load Kernel Module loop...
[    3.501219] systemd[1]: File System Check on Root Device was skipped because of an unmet condition check (ConditionPathIsReadWrite=!/).
[    3.501270] systemd[1]: Clear Stale Hibernate Storage Info was skipped because of an unmet condition check (ConditionPathExists=/sys/firmware/efi/efivars/HibernateLocation-8cf2644b-4b0b-428f-9387-6d876050dc67).
[    3.503571] systemd[1]: Starting Journal Service...
[    3.505436] systemd[1]: Starting Load Kernel Modules...
[    3.506534] systemd[1]: TPM PCR Machine ID Measurement was skipped because of an unmet condition check (ConditionSecurity=measured-uki).
[    3.508101] systemd[1]: Starting Remount Root and Kernel File Systems...
[    3.509672] systemd[1]: Early TPM SRK Setup was skipped because of an unmet condition check (ConditionSecurity=measured-uki).
[    3.510929] systemd[1]: Starting Load udev Rules from Credentials...
[    3.513442] systemd[1]: Starting Coldplug All udev Devices...
[    3.514854] loop: module loaded
[    3.518728] systemd[1]: Mounted Huge Pages File System.
[    3.520443] systemd[1]: Mounted POSIX Message Queue File System.
[    3.522582] systemd[1]: Mounted Kernel Debug File System.
[    3.523073] device-mapper: uevent: version 1.0.3
[    3.523201] device-mapper: ioctl: 4.48.0-ioctl (2023-03-01) initialised: dm-devel@lists.linux.dev
[    3.524307] systemd[1]: Mounted Kernel Trace File System.
[    3.525812] systemd[1]: Finished Create List of Static Device Nodes.
[    3.526829] systemd[1]: modprobe@configfs.service: Deactivated successfully.
[    3.526978] systemd[1]: Finished Load Kernel Module configfs.
[    3.527478] Asymmetric key parser 'pkcs8' registered
[    3.527943] systemd[1]: modprobe@dm_mod.service: Deactivated successfully.
[    3.528091] systemd[1]: Finished Load Kernel Module dm_mod.
[    3.529055] systemd[1]: modprobe@drm.service: Deactivated successfully.
[    3.529200] systemd[1]: Finished Load Kernel Module drm.
[    3.530132] systemd-journald[308]: Collecting audit messages is disabled.
[    3.530593] systemd[1]: modprobe@fuse.service: Deactivated successfully.
[    3.530736] systemd[1]: Finished Load Kernel Module fuse.
[    3.531145] vboxdrv: loading out-of-tree module taints kernel.
[    3.531148] vboxdrv: module verification failed: signature and/or required key missing - tainting kernel
[    3.532193] systemd[1]: modprobe@loop.service: Deactivated successfully.
[    3.532357] systemd[1]: Finished Load Kernel Module loop.
[    3.533534] systemd[1]: Finished Remount Root and Kernel File Systems.
[    3.534476] systemd[1]: Finished Load udev Rules from Credentials.
[    3.536267] systemd[1]: Mounting FUSE Control File System...
[    3.539044] systemd[1]: Mounting Kernel Configuration File System...
[    3.541135] systemd[1]: Rebuild Hardware Database was skipped because no trigger condition checks were met.
[    3.542116] systemd[1]: Starting Load/Save OS Random Seed...
[    3.543819] systemd[1]: Repartition Root Disk was skipped because no trigger condition checks were met.
[    3.545129] systemd[1]: Starting Create Static Device Nodes in /dev gracefully...
[    3.546721] systemd[1]: TPM SRK Setup was skipped because of an unmet condition check (ConditionSecurity=measured-uki).
[    3.546765] vboxdrv: Found 8 processor cores/threads
[    3.547827] systemd[1]: Mounted FUSE Control File System.
[    3.549328] systemd[1]: Mounted Kernel Configuration File System.
[    3.558312] systemd[1]: Finished Load/Save OS Random Seed.
[    3.566788] systemd[1]: Starting User Database Manager...
[    3.568394] systemd[1]: Started Journal Service.
[    3.569691] vboxdrv: TSC mode is Invariant, tentative frequency 1991993691 Hz
[    3.569693] vboxdrv: Successfully loaded version 7.0.20 r163906 (interface 0x00330004)
[    3.571441] VBoxNetAdp: Successfully started.
[    3.573422] VBoxNetFlt: Successfully started.
[    3.589187] systemd-journald[308]: Received client request to flush runtime journal.
[    3.935616] zram0: detected capacity change from 0 to 8388608
[    3.973261] Consider using thermal netlink events interface
[    3.977684] input: Intel HID events as /devices/platform/INT33D5:00/input/input15
[    3.979883] intel-hid INT33D5:00: platform supports 5 button array
[    3.979928] input: Intel HID 5 button array as /devices/platform/INT33D5:00/input/input16
[    3.984172] intel_pmc_core INT33A1:00:  initialized
[    3.992585] input: Intel Virtual Buttons as /devices/pci0000:00/0000:00:1f.0/PNP0C09:00/INT33D6:00/input/input17
[    4.053717] intel-lpss 0000:00:15.0: enabling device (0000 -> 0002)
[    4.065947] mei_me 0000:00:16.0: enabling device (0000 -> 0002)
[    4.070844] idma64 idma64.0: Found Intel integrated DMA 64-bit
[    4.082661] input: PC Speaker as /devices/platform/pcspkr/input/input19
[    4.097392] mc: Linux media interface: v0.10
[    4.106381] Adding 4194300k swap on /dev/zram0.  Priority:100 extents:1 across:4194300k SSDsc
[    4.117803] dcdbas dcdbas: Dell Systems Management Base Driver (version 5.6.0-3.4)
[    4.127097] intel-lpss 0000:00:15.1: enabling device (0000 -> 0002)
[    4.127439] idma64 idma64.1: Found Intel integrated DMA 64-bit
[    4.170009] i801_smbus 0000:00:1f.4: SPD Write Disable is set
[    4.170042] i801_smbus 0000:00:1f.4: SMBus using PCI interrupt
[    4.176901] cfg80211: Loading compiled-in X.509 certificates for regulatory database
[    4.182303] Loaded X.509 cert 'sforshee: 00b28ddf47aef9cea7'
[    4.182556] Loaded X.509 cert 'wens: 61c038651aabdcf94bd0ac7ff06c7248db18c600'
[    4.183688] platform regulatory.0: Direct firmware load for regulatory.db failed with error -2
[    4.183694] cfg80211: failed to load regulatory.db
[    4.208100] Bluetooth: Core ver 2.22
[    4.208123] NET: Registered PF_BLUETOOTH protocol family
[    4.208125] Bluetooth: HCI device and connection manager initialized
[    4.208130] Bluetooth: HCI socket layer initialized
[    4.208133] Bluetooth: L2CAP socket layer initialized
[    4.208136] Bluetooth: SCO socket layer initialized
[    4.243676] mousedev: PS/2 mouse device common for all mice
[    4.648596] intel_rapl_common: Found RAPL domain package
[    4.648601] intel_rapl_common: Found RAPL domain core
[    4.648602] intel_rapl_common: Found RAPL domain uncore
[    4.648604] intel_rapl_common: Found RAPL domain dram
[    4.648605] intel_rapl_common: Found RAPL domain psys
[    4.721078] videodev: Linux video capture interface: v2.00
[    4.721138] mei_hdcp 0000:00:16.0-b638ab7e-94e2-4ea2-a552-d1c54b627f04: bound 0000:00:02.0 (ops i915_hdcp_ops [i915])
[    4.727831] XFS: attr2 mount option is deprecated.
[    4.728786] XFS (nvme0n1p3): Mounting V5 Filesystem 8935f784-b775-45b7-949a-f02121674068
[    4.746043] XFS (nvme0n1p3): Ending clean mount
[    4.961483] psmouse serio1: synaptics: queried max coordinates: x [..5666], y [..4734]
[    4.991547] psmouse serio1: synaptics: queried min coordinates: x [1276..], y [1118..]
[    4.991570] psmouse serio1: synaptics: Your touchpad (PNP: DLL082a PNP0f13) says it can support a different bus. If i2c-hid and hid-rmi are not used, you might want to try setting psmouse.synaptics_intertouch to 1 and report this to linux-input@vger.kernel.org.
[    5.051079] psmouse serio1: synaptics: Touchpad model: 1, fw: 8.2, id: 0x1e2a1, caps: 0xf00323/0x840300/0x12e800/0x0, board id: 3038, fw id: 2375007
[    5.091269] input: SynPS/2 Synaptics TouchPad as /devices/platform/i8042/serio1/input/input20
[    5.258644] input: DLL082A:01 06CB:76AF Mouse as /devices/pci0000:00/0000:00:15.1/i2c_designware.1/i2c-8/i2c-DLL082A:01/0018:06CB:76AF.0002/input/input21
[    5.258884] input: DLL082A:01 06CB:76AF Touchpad as /devices/pci0000:00/0000:00:15.1/i2c_designware.1/i2c-8/i2c-DLL082A:01/0018:06CB:76AF.0002/input/input22
[    5.259196] hid-multitouch 0018:06CB:76AF.0002: input,hidraw1: I2C HID v1.00 Mouse [DLL082A:01 06CB:76AF] on i2c-DLL082A:01
[    5.268904] input: Dell WMI hotkeys as /devices/platform/PNP0C14:01/wmi_bus/wmi_bus-PNP0C14:01/9DBB5994-A997-11DA-B012-B622A1EF5492/input/input24
[    5.275122] iTCO_vendor_support: vendor-support=0
[    5.276590] FAT-fs (nvme0n1p1): Volume was not properly unmounted. Some data may be corrupt. Please run fsck.
[    5.280523] proc_thermal 0000:00:04.0: enabling device (0000 -> 0002)
[    5.283040] RAPL PMU: API unit is 2^-32 Joules, 5 fixed counters, 655360 ms ovfl timer
[    5.283044] RAPL PMU: hw unit of domain pp0-core 2^-14 Joules
[    5.283046] RAPL PMU: hw unit of domain package 2^-14 Joules
[    5.283048] RAPL PMU: hw unit of domain dram 2^-14 Joules
[    5.283049] RAPL PMU: hw unit of domain pp1-gpu 2^-14 Joules
[    5.283050] RAPL PMU: hw unit of domain psys 2^-14 Joules
[    5.289068] iTCO_wdt iTCO_wdt: Found a Intel PCH TCO device (Version=4, TCOBASE=0x0400)
[    5.289089] cryptd: max_cpu_qlen set to 1000
[    5.291828] iTCO_wdt iTCO_wdt: initialized. heartbeat=30 sec (nowayout=0)
[    5.305315] AVX2 version of gcm_enc/dec engaged.
[    5.305358] AES CTR mode by8 optimization enabled
[    5.316949] intel_rapl_common: Found RAPL domain package
[    5.316951] intel_rapl_common: Found RAPL domain dram
[    5.320816] usbcore: registered new interface driver btusb
[    5.321120] Bluetooth: hci0: HCI Enhanced Setup Synchronous Connection command is advertised, but not supported.
[    5.394410] usb 1-5: Found UVC 1.00 device Integrated_Webcam_HD (0c45:670c)
[    5.398711] snd_hda_intel 0000:00:1f.3: enabling device (0000 -> 0002)
[    5.398883] snd_hda_intel 0000:00:1f.3: bound 0000:00:02.0 (ops i915_audio_component_bind_ops [i915])
[    5.445920] usbcore: registered new interface driver uvcvideo
[    5.464966] ath10k_pci 0000:3a:00.0: enabling device (0000 -> 0002)
[    5.467303] ath10k_pci 0000:3a:00.0: pci irq msi oper_irq_mode 2 irq_mode 0 reset_mode 0
[    5.556531] snd_hda_codec_realtek hdaudioC0D0: autoconfig for ALC3246: line_outs=1 (0x14/0x0/0x0/0x0/0x0) type:speaker
[    5.556537] snd_hda_codec_realtek hdaudioC0D0:    speaker_outs=0 (0x0/0x0/0x0/0x0/0x0)
[    5.556540] snd_hda_codec_realtek hdaudioC0D0:    hp_outs=1 (0x21/0x0/0x0/0x0/0x0)
[    5.556542] snd_hda_codec_realtek hdaudioC0D0:    mono: mono_out=0x0
[    5.556543] snd_hda_codec_realtek hdaudioC0D0:    inputs:
[    5.556545] snd_hda_codec_realtek hdaudioC0D0:      Headset Mic=0x19
[    5.556546] snd_hda_codec_realtek hdaudioC0D0:      Headphone Mic=0x1a
[    5.556548] snd_hda_codec_realtek hdaudioC0D0:      Internal Mic=0x12
[    5.568759] intel_tcc_cooling: Programmable TCC Offset detected
[    5.649743] input: HDA Intel PCH Headphone Mic as /devices/pci0000:00/0000:00:1f.3/sound/card0/input25
[    5.649822] input: HDA Intel PCH HDMI/DP,pcm=3 as /devices/pci0000:00/0000:00:1f.3/sound/card0/input26
[    5.649871] input: HDA Intel PCH HDMI/DP,pcm=7 as /devices/pci0000:00/0000:00:1f.3/sound/card0/input27
[    5.649918] input: HDA Intel PCH HDMI/DP,pcm=8 as /devices/pci0000:00/0000:00:1f.3/sound/card0/input28
[    5.733846] ath10k_pci 0000:3a:00.0: qca6174 hw3.2 target 0x05030000 chip_id 0x00340aff sub 1a56:1535
[    5.733853] ath10k_pci 0000:3a:00.0: kconfig debug 1 debugfs 1 tracing 1 dfs 0 testmode 0
[    5.734276] ath10k_pci 0000:3a:00.0: firmware ver WLAN.RM.4.4.1-00309- api 6 features wowlan,ignore-otp,mfp crc32 0793bcf2
[    5.801615] ath10k_pci 0000:3a:00.0: board_file api 2 bmi_id N/A crc32 d2863f91
[    5.894831] ath10k_pci 0000:3a:00.0: htt-ver 3.87 wmi-op 4 htt-op 3 cal otp max-sta 32 raw 0 hwcrypto 1
[    5.973874] ath: EEPROM regdomain: 0x69
[    5.973878] ath: EEPROM indicates we should expect a direct regpair map
[    5.973879] ath: Country alpha2 being used: 00
[    5.973880] ath: Regpair used: 0x69
[    6.024045] Bluetooth: BNEP (Ethernet Emulation) ver 1.3
[    6.024048] Bluetooth: BNEP filters: protocol multicast
[    6.024051] Bluetooth: BNEP socket layer initialized
[    6.025172] Bluetooth: MGMT ver 1.22
[    6.030686] NET: Registered PF_ALG protocol family
[    7.062114] warning: `nspr-2' uses wireless extensions which will stop working for Wi-Fi 7 hardware; use nl80211
[   11.620933] wlan0: authenticate with a8:70:5d:69:b7:10 (local address=9c:b6:d0:f6:3e:fb)
[   11.620946] wlan0: send auth to a8:70:5d:69:b7:10 (try 1/3)
[   11.622895] wlan0: authenticated
[   11.626129] wlan0: associate with a8:70:5d:69:b7:10 (try 1/3)
[   11.633801] wlan0: RX AssocResp from a8:70:5d:69:b7:10 (capab=0x1011 status=0 aid=3)
[   11.637178] wlan0: associated
[   11.713508] wlan0: Limiting TX power to 30 (30 - 0) dBm as advertised by a8:70:5d:69:b7:10
[   11.818659] pcieport 0000:00:1c.4: AER: Multiple Correctable error message received from 0000:3a:00.0
[   11.818687] ath10k_pci 0000:3a:00.0: PCIe Bus Error: severity=Correctable, type=Physical Layer, (Receiver ID)
[   11.818695] ath10k_pci 0000:3a:00.0:   device [168c:003e] error status/mask=00000081/00006000
[   11.818703] ath10k_pci 0000:3a:00.0:    [ 0] RxErr                  (First)
[   11.818709] ath10k_pci 0000:3a:00.0:    [ 7] BadDLLP               
[   14.523130] bridge: filtering via arp/ip/ip6tables is no longer available by default. Update your scripts to load br_netfilter if you need this.
[   14.527180] Bridge firewalling registered
[   14.646043] Initializing XFRM netlink socket
[   15.205572] pcieport 0000:00:1c.4: AER: Multiple Correctable error message received from 0000:3a:00.0
[   15.205599] ath10k_pci 0000:3a:00.0: PCIe Bus Error: severity=Correctable, type=Physical Layer, (Receiver ID)
[   15.205606] ath10k_pci 0000:3a:00.0:   device [168c:003e] error status/mask=00000081/00006000
[   15.205615] ath10k_pci 0000:3a:00.0:    [ 0] RxErr                  (First)
[   15.205621] ath10k_pci 0000:3a:00.0:    [ 7] BadDLLP               
[   15.276386] Bluetooth: RFCOMM TTY layer initialized
[   15.276397] Bluetooth: RFCOMM socket layer initialized
[   15.276401] Bluetooth: RFCOMM ver 1.11
[   20.729452] data-loop.0[1155]: segfault at 37 ip 000079ee9842aa35 sp 000079ee895f77c0 error 4 in libcava.so[10a35,79ee98421000+11000] likely on CPU 7 (core 3, socket 0)
[   20.729468] Code: 5d f8 5a c9 ff 25 e3 ed 00 00 66 66 2e 0f 1f 84 00 00 00 00 00 f3 0f 1e fa 55 48 89 e5 41 54 53 48 8b 87 30 01 00 00 48 89 fb <83> 78 2c 01 74 7d 48 8b 7b 08 ff 15 83 f1 00 00 49 89 c4 48 85 c0
[  151.490099] wlan0: deauthenticating from a8:70:5d:69:b7:10 by local choice (Reason: 3=DEAUTH_LEAVING)
[  151.713208] data-loop.0[1536]: segfault at 37 ip 000072d7b34f3a35 sp 000072d79bdf77c0 error 4 in libcava.so[10a35,72d7b34ea000+11000] likely on CPU 6 (core 2, socket 0)
[  151.713228] Code: 5d f8 5a c9 ff 25 e3 ed 00 00 66 66 2e 0f 1f 84 00 00 00 00 00 f3 0f 1e fa 55 48 89 e5 41 54 53 48 8b 87 30 01 00 00 48 89 fb <83> 78 2c 01 74 7d 48 8b 7b 08 ff 15 83 f1 00 00 49 89 c4 48 85 c0
[  151.749302] PM: suspend entry (s2idle)
[  151.762237] gtklock[1568]: segfault at 0 ip 00005bb8de29f28c sp 00007ffd4466c850 error 4 in gtklock[728c,5bb8de29c000+4000] likely on CPU 3 (core 3, socket 0)
[  151.762249] Code: 45 00 48 8b 3c d8 48 83 c3 01 e8 1f f9 ff ff 41 3b 5d 08 72 e9 48 8b 1d 42 41 00 00 48 8b 43 10 4c 8b 73 28 48 8b 00 4c 89 f6 <4c> 8b 20 4c 89 63 28 4c 89 e7 e8 95 f3 ff ff 4c 89 f2 4c 89 e6 48
[  151.779539] Filesystems sync: 0.030 seconds
[  151.782883] Freezing user space processes
[  151.810083] Freezing user space processes completed (elapsed 0.027 seconds)
[  151.810086] OOM killer disabled.
[  151.810087] Freezing remaining freezable tasks
[  151.811337] Freezing remaining freezable tasks completed (elapsed 0.001 seconds)
[  151.811341] printk: Suspending console(s) (use no_console_suspend to debug)
[  152.062907] psmouse serio1: Failed to disable mouse on isa0060/serio1
[  153.032788] ACPI: EC: interrupt blocked
[  153.036248] intel_pch_thermal 0000:00:14.2: CPU-PCH is cool [42C]
[  154.165023] ACPI: EC: interrupt unblocked
[  154.403732] usb 1-3: reset full-speed USB device number 2 using xhci_hcd
[  154.547241] OOM killer enabled.
[  154.547243] Restarting tasks ... 
[  154.547239] mei_hdcp 0000:00:16.0-b638ab7e-94e2-4ea2-a552-d1c54b627f04: bound 0000:00:02.0 (ops i915_hdcp_ops [i915])
[  154.548707] done.
[  154.548728] random: crng reseeded on system resumption
[  154.601352] PM: suspend exit
[  154.601700] Bluetooth: hci0: HCI Enhanced Setup Synchronous Connection command is advertised, but not supported.
[  154.717581] Bluetooth: MGMT ver 1.22
[  159.351870] wlan0: authenticate with a8:70:5d:69:b7:10 (local address=9c:b6:d0:f6:3e:fb)
[  159.351873] wlan0: send auth to a8:70:5d:69:b7:10 (try 1/3)
[  159.354076] wlan0: authenticated
[  159.356757] wlan0: associate with a8:70:5d:69:b7:10 (try 1/3)
[  159.363571] wlan0: RX AssocResp from a8:70:5d:69:b7:10 (capab=0x1011 status=0 aid=3)
[  159.366120] wlan0: associated
[  159.447647] wlan0: Limiting TX power to 30 (30 - 0) dBm as advertised by a8:70:5d:69:b7:10
[  279.998036] wlan0: deauthenticating from a8:70:5d:69:b7:10 by local choice (Reason: 3=DEAUTH_LEAVING)
[  280.260263] PM: suspend entry (s2idle)
[  280.313495] Filesystems sync: 0.053 seconds
[  280.324882] Freezing user space processes
[  280.339811] Freezing user space processes completed (elapsed 0.014 seconds)
[  280.339823] OOM killer disabled.
[  280.339826] Freezing remaining freezable tasks
[  280.341044] Freezing remaining freezable tasks completed (elapsed 0.001 seconds)
[  280.341052] printk: Suspending console(s) (use no_console_suspend to debug)
[  280.740640] ACPI: EC: interrupt blocked
[  280.744608] intel_pch_thermal 0000:00:14.2: CPU-PCH is cool [39C]
[  282.432642] ACPI: EC: interrupt unblocked
[  282.670580] usb 1-3: reset full-speed USB device number 2 using xhci_hcd
[  282.816474] OOM killer enabled.
[  282.816479] Restarting tasks ... done.
[  282.821565] random: crng reseeded on system resumption
[  282.880953] PM: suspend exit
[  283.221279] mei_hdcp 0000:00:16.0-b638ab7e-94e2-4ea2-a552-d1c54b627f04: bound 0000:00:02.0 (ops i915_hdcp_ops [i915])
[  283.227517] Bluetooth: hci0: HCI Enhanced Setup Synchronous Connection command is advertised, but not supported.
[  283.344061] Bluetooth: MGMT ver 1.22
[  287.614358] wlan0: authenticate with a8:70:5d:69:b7:10 (local address=9c:b6:d0:f6:3e:fb)
[  287.614367] wlan0: send auth to a8:70:5d:69:b7:10 (try 1/3)
[  287.615825] wlan0: authenticated
[  287.623084] wlan0: associate with a8:70:5d:69:b7:10 (try 1/3)
[  287.629448] wlan0: RX AssocResp from a8:70:5d:69:b7:10 (capab=0x1011 status=0 aid=3)
[  287.632624] wlan0: associated
[  287.660558] wlan0: Limiting TX power to 30 (30 - 0) dBm as advertised by a8:70:5d:69:b7:10
[  383.594193] wlan0: deauthenticating from a8:70:5d:69:b7:10 by local choice (Reason: 3=DEAUTH_LEAVING)
[  383.927899] PM: suspend entry (s2idle)
[  384.243205] Filesystems sync: 0.315 seconds
[  384.254035] Freezing user space processes
[  384.255813] Freezing user space processes completed (elapsed 0.001 seconds)
[  384.255826] OOM killer disabled.
[  384.255829] Freezing remaining freezable tasks
[  384.257085] Freezing remaining freezable tasks completed (elapsed 0.001 seconds)
[  384.257094] printk: Suspending console(s) (use no_console_suspend to debug)
[  384.667569] ACPI: EC: interrupt blocked
[  384.668289] intel_pch_thermal 0000:00:14.2: CPU-PCH is cool [40C]
[  393.067738] dell_wmi: Unknown key with type 0x0012 and code 0x0000 pressed
[  394.766539] typec port0-partner: PM: parent port0 should not be sleeping
[  614.388293] ACPI: EC: interrupt unblocked
[  614.713086] usb 1-3: reset full-speed USB device number 2 using xhci_hcd
[  614.885727] mei_hdcp 0000:00:16.0-b638ab7e-94e2-4ea2-a552-d1c54b627f04: bound 0000:00:02.0 (ops i915_hdcp_ops [i915])
[  614.885886] OOM killer enabled.
[  614.885887] Restarting tasks ... 
[  614.886037] pci 0000:01:00.0: [8086:1576] type 01 class 0x060400 PCIe Switch Upstream Port
[  614.886112] pci 0000:01:00.0: PCI bridge to [bus 02-39]
[  614.886145] pci 0000:01:00.0:   bridge window [mem 0xc4000000-0xda0fffff]
[  614.886176] pci 0000:01:00.0:   bridge window [mem 0xa0000000-0xc1ffffff 64bit pref]
[  614.886214] pci 0000:01:00.0: enabling Extended Tags
[  614.886466] pci 0000:01:00.0: supports D1 D2
[  614.886469] pci 0000:01:00.0: PME# supported from D0 D1 D2 D3hot D3cold
[  614.886687] pci 0000:01:00.0: 15.752 Gb/s available PCIe bandwidth, limited by 8.0 GT/s PCIe x2 link at 0000:00:1c.0 (capable of 31.504 Gb/s with 8.0 GT/s PCIe x4 link)
[  614.886730] done.
[  614.886756] random: crng reseeded on system resumption
[  614.905036] pci 0000:02:00.0: [8086:1576] type 01 class 0x060400 PCIe Switch Downstream Port
[  614.905078] pci 0000:02:00.0: PCI bridge to [bus 03]
[  614.905090] pci 0000:02:00.0:   bridge window [mem 0xda000000-0xda0fffff]
[  614.905119] pci 0000:02:00.0: enabling Extended Tags
[  614.905233] pci 0000:02:00.0: supports D1 D2
[  614.905235] pci 0000:02:00.0: PME# supported from D0 D1 D2 D3hot D3cold
[  614.905463] pci 0000:02:01.0: [8086:1576] type 01 class 0x060400 PCIe Switch Downstream Port
[  614.905499] pci 0000:02:01.0: PCI bridge to [bus 04-38]
[  614.905510] pci 0000:02:01.0:   bridge window [mem 0xc4000000-0xd9efffff]
[  614.905522] pci 0000:02:01.0:   bridge window [mem 0xa0000000-0xc1ffffff 64bit pref]
[  614.905538] pci 0000:02:01.0: enabling Extended Tags
[  614.905642] pci 0000:02:01.0: supports D1 D2
[  614.905643] pci 0000:02:01.0: PME# supported from D0 D1 D2 D3hot D3cold
[  614.905854] pci 0000:02:02.0: [8086:1576] type 01 class 0x060400 PCIe Switch Downstream Port
[  614.905890] pci 0000:02:02.0: PCI bridge to [bus 39]
[  614.905900] pci 0000:02:02.0:   bridge window [mem 0xd9f00000-0xd9ffffff]
[  614.905928] pci 0000:02:02.0: enabling Extended Tags
[  614.906051] pci 0000:02:02.0: supports D1 D2
[  614.906052] pci 0000:02:02.0: PME# supported from D0 D1 D2 D3hot D3cold
[  614.906310] pci 0000:01:00.0: PCI bridge to [bus 02-39]
[  614.906375] pci 0000:02:00.0: PCI bridge to [bus 03]
[  614.906440] pci 0000:02:01.0: PCI bridge to [bus 04-38]
[  614.906549] pci 0000:39:00.0: [8086:15b5] type 00 class 0x0c0330 PCIe Endpoint
[  614.906576] pci 0000:39:00.0: BAR 0 [mem 0xd9f00000-0xd9f0ffff]
[  614.906664] pci 0000:39:00.0: enabling Extended Tags
[  614.906809] pci 0000:39:00.0: supports D1 D2
[  614.906812] pci 0000:39:00.0: PME# supported from D0 D1 D2 D3hot D3cold
[  614.906943] pci 0000:39:00.0: 8.000 Gb/s available PCIe bandwidth, limited by 2.5 GT/s PCIe x4 link at 0000:02:02.0 (capable of 31.504 Gb/s with 8.0 GT/s PCIe x4 link)
[  614.907239] pci 0000:02:02.0: PCI bridge to [bus 39]
[  614.907291] pci_bus 0000:02: Allocating resources
[  614.907310] pci 0000:02:01.0: bridge window [io  0x1000-0x0fff] to [bus 04-38] add_size 1000
[  614.907314] pci 0000:02:02.0: bridge window [io  0x1000-0x0fff] to [bus 39] add_size 1000
[  614.907317] pci 0000:02:02.0: bridge window [mem 0x00100000-0x000fffff 64bit pref] to [bus 39] add_size 200000 add_align 100000
[  614.907321] pci 0000:01:00.0: bridge window [io  0x1000-0x0fff] to [bus 02-39] add_size 2000
[  614.907326] pci 0000:01:00.0: bridge window [io  size 0x2000]: can't assign; no space
[  614.907328] pci 0000:01:00.0: bridge window [io  size 0x2000]: failed to assign
[  614.907331] pci 0000:01:00.0: bridge window [io  size 0x2000]: can't assign; no space
[  614.907334] pci 0000:01:00.0: bridge window [io  size 0x2000]: failed to assign
[  614.907339] pci 0000:02:02.0: bridge window [mem size 0x00200000 64bit pref]: can't assign; no space
[  614.907342] pci 0000:02:02.0: bridge window [mem size 0x00200000 64bit pref]: failed to assign
[  614.907345] pci 0000:02:01.0: bridge window [io  size 0x1000]: can't assign; no space
[  614.907347] pci 0000:02:01.0: bridge window [io  size 0x1000]: failed to assign
[  614.907350] pci 0000:02:02.0: bridge window [io  size 0x1000]: can't assign; no space
[  614.907352] pci 0000:02:02.0: bridge window [io  size 0x1000]: failed to assign
[  614.907358] pci 0000:02:02.0: bridge window [mem size 0x00200000 64bit pref]: can't assign; no space
[  614.907361] pci 0000:02:02.0: bridge window [mem size 0x00200000 64bit pref]: failed to assign
[  614.907364] pci 0000:02:02.0: bridge window [io  size 0x1000]: can't assign; no space
[  614.907366] pci 0000:02:02.0: bridge window [io  size 0x1000]: failed to assign
[  614.907368] pci 0000:02:01.0: bridge window [io  size 0x1000]: can't assign; no space
[  614.907370] pci 0000:02:01.0: bridge window [io  size 0x1000]: failed to assign
[  614.907373] pci 0000:02:00.0: PCI bridge to [bus 03]
[  614.907380] pci 0000:02:00.0:   bridge window [mem 0xda000000-0xda0fffff]
[  614.907391] pci 0000:02:01.0: PCI bridge to [bus 04-38]
[  614.907397] pci 0000:02:01.0:   bridge window [mem 0xc4000000-0xd9efffff]
[  614.907403] pci 0000:02:01.0:   bridge window [mem 0xa0000000-0xc1ffffff 64bit pref]
[  614.907411] pci 0000:02:02.0: PCI bridge to [bus 39]
[  614.907417] pci 0000:02:02.0:   bridge window [mem 0xd9f00000-0xd9ffffff]
[  614.907428] pci 0000:01:00.0: PCI bridge to [bus 02-39]
[  614.907435] pci 0000:01:00.0:   bridge window [mem 0xc4000000-0xda0fffff]
[  614.907441] pci 0000:01:00.0:   bridge window [mem 0xa0000000-0xc1ffffff 64bit pref]
[  614.909536] xhci_hcd 0000:39:00.0: xHCI Host Controller
[  614.909542] xhci_hcd 0000:39:00.0: new USB bus registered, assigned bus number 3
[  614.910736] xhci_hcd 0000:39:00.0: hcc params 0x200077c1 hci version 0x110 quirks 0x0000000200009810
[  614.911254] xhci_hcd 0000:39:00.0: xHCI Host Controller
[  614.911257] xhci_hcd 0000:39:00.0: new USB bus registered, assigned bus number 4
[  614.911259] xhci_hcd 0000:39:00.0: Host supports USB 3.1 Enhanced SuperSpeed
[  614.911314] usb usb3: New USB device found, idVendor=1d6b, idProduct=0002, bcdDevice= 6.10
[  614.911317] usb usb3: New USB device strings: Mfr=3, Product=2, SerialNumber=1
[  614.911318] usb usb3: Product: xHCI Host Controller
[  614.911320] usb usb3: Manufacturer: Linux 6.10.3-arch1-2 xhci-hcd
[  614.911321] usb usb3: SerialNumber: 0000:39:00.0
[  614.911482] hub 3-0:1.0: USB hub found
[  614.911497] hub 3-0:1.0: 2 ports detected
[  614.911979] usb usb4: New USB device found, idVendor=1d6b, idProduct=0003, bcdDevice= 6.10
[  614.911982] usb usb4: New USB device strings: Mfr=3, Product=2, SerialNumber=1
[  614.911983] usb usb4: Product: xHCI Host Controller
[  614.911985] usb usb4: Manufacturer: Linux 6.10.3-arch1-2 xhci-hcd
[  614.911986] usb usb4: SerialNumber: 0000:39:00.0
[  614.912108] hub 4-0:1.0: USB hub found
[  614.912118] hub 4-0:1.0: 2 ports detected
[  614.912733] pci_bus 0000:02: Allocating resources
[  614.912747] pcieport 0000:02:01.0: bridge window [io  0x1000-0x0fff] to [bus 04-38] add_size 1000
[  614.912750] pcieport 0000:02:02.0: bridge window [io  0x1000-0x0fff] to [bus 39] add_size 1000
[  614.912752] pcieport 0000:02:02.0: bridge window [mem 0x00100000-0x000fffff 64bit pref] to [bus 39] add_size 200000 add_align 100000
[  614.912755] pcieport 0000:01:00.0: bridge window [io  0x1000-0x0fff] to [bus 02-39] add_size 2000
[  614.912758] pcieport 0000:01:00.0: bridge window [io  size 0x2000]: can't assign; no space
[  614.912759] pcieport 0000:01:00.0: bridge window [io  size 0x2000]: failed to assign
[  614.912761] pcieport 0000:01:00.0: bridge window [io  size 0x2000]: can't assign; no space
[  614.912762] pcieport 0000:01:00.0: bridge window [io  size 0x2000]: failed to assign
[  614.912765] pcieport 0000:02:02.0: bridge window [mem size 0x00200000 64bit pref]: can't assign; no space
[  614.912767] pcieport 0000:02:02.0: bridge window [mem size 0x00200000 64bit pref]: failed to assign
[  614.912776] pcieport 0000:02:01.0: bridge window [io  size 0x1000]: can't assign; no space
[  614.912778] pcieport 0000:02:01.0: bridge window [io  size 0x1000]: failed to assign
[  614.912780] pcieport 0000:02:02.0: bridge window [io  size 0x1000]: can't assign; no space
[  614.912781] pcieport 0000:02:02.0: bridge window [io  size 0x1000]: failed to assign
[  614.912784] pcieport 0000:02:02.0: bridge window [mem size 0x00200000 64bit pref]: can't assign; no space
[  614.912785] pcieport 0000:02:02.0: bridge window [mem size 0x00200000 64bit pref]: failed to assign
[  614.912787] pcieport 0000:02:02.0: bridge window [io  size 0x1000]: can't assign; no space
[  614.912788] pcieport 0000:02:02.0: bridge window [io  size 0x1000]: failed to assign
[  614.912790] pcieport 0000:02:01.0: bridge window [io  size 0x1000]: can't assign; no space
[  614.912791] pcieport 0000:02:01.0: bridge window [io  size 0x1000]: failed to assign
[  614.975991] PM: suspend exit
[  614.976365] Bluetooth: hci0: HCI Enhanced Setup Synchronous Connection command is advertised, but not supported.
[  615.092324] Bluetooth: MGMT ver 1.22
[  619.686762] wlan0: authenticate with a8:70:5d:69:b7:10 (local address=9c:b6:d0:f6:3e:fb)
[  619.686767] wlan0: send auth to a8:70:5d:69:b7:10 (try 1/3)
[  619.689045] wlan0: authenticated
[  619.692359] wlan0: associate with a8:70:5d:69:b7:10 (try 1/3)
[  619.700243] wlan0: RX AssocResp from a8:70:5d:69:b7:10 (capab=0x1011 status=0 aid=3)
[  619.702964] wlan0: associated
[  619.756144] wlan0: Limiting TX power to 30 (30 - 0) dBm as advertised by a8:70:5d:69:b7:10
[  641.107082] wlan0: deauthenticating from a8:70:5d:69:b7:10 by local choice (Reason: 3=DEAUTH_LEAVING)
[  641.341008] PM: suspend entry (s2idle)
[  641.475404] Filesystems sync: 0.134 seconds
[  641.479155] Freezing user space processes
[  641.480384] Freezing user space processes completed (elapsed 0.001 seconds)
[  641.480387] OOM killer disabled.
[  641.480388] Freezing remaining freezable tasks
[  641.481457] Freezing remaining freezable tasks completed (elapsed 0.001 seconds)
[  641.481459] printk: Suspending console(s) (use no_console_suspend to debug)
[  641.898455] ACPI: EC: interrupt blocked
[  641.899364] intel_pch_thermal 0000:00:14.2: CPU-PCH is cool [42C]
[ 1216.871781] ACPI: EC: interrupt unblocked
[ 1217.100091] usb 1-3: reset full-speed USB device number 2 using xhci_hcd
[ 1217.242751] OOM killer enabled.
[ 1217.242753] Restarting tasks ... 
[ 1217.242800] mei_hdcp 0000:00:16.0-b638ab7e-94e2-4ea2-a552-d1c54b627f04: bound 0000:00:02.0 (ops i915_hdcp_ops [i915])
[ 1217.245428] done.
[ 1217.245442] random: crng reseeded on system resumption
[ 1217.315469] PM: suspend exit
[ 1217.650885] Bluetooth: hci0: HCI Enhanced Setup Synchronous Connection command is advertised, but not supported.
[ 1217.766071] Bluetooth: MGMT ver 1.22
[ 1222.450517] wlan0: authenticate with a8:70:5d:69:b7:10 (local address=9c:b6:d0:f6:3e:fb)
[ 1222.450525] wlan0: send auth to a8:70:5d:69:b7:10 (try 1/3)
[ 1222.452504] wlan0: authenticated
[ 1222.455901] wlan0: associate with a8:70:5d:69:b7:10 (try 1/3)
[ 1222.462648] wlan0: RX AssocResp from a8:70:5d:69:b7:10 (capab=0x1011 status=0 aid=3)
[ 1222.465314] wlan0: associated
[ 1222.470160] wlan0: Limiting TX power to 30 (30 - 0) dBm as advertised by a8:70:5d:69:b7:10
[ 1389.355987] wlan0: deauthenticating from a8:70:5d:69:b7:10 by local choice (Reason: 3=DEAUTH_LEAVING)
[ 1389.545197] data-loop.0[16914]: segfault at 7d363b3f7b40 ip 00007d3648f16a2b sp 00007d3639ff77c0 error 4 in libcava.so[10a2b,7d3648f0d000+11000] likely on CPU 5 (core 1, socket 0)
[ 1389.545217] Code: f3 eb 00 00 48 8b 3b 58 48 8b 5d f8 5a c9 ff 25 e3 ed 00 00 66 66 2e 0f 1f 84 00 00 00 00 00 f3 0f 1e fa 55 48 89 e5 41 54 53 <48> 8b 87 30 01 00 00 48 89 fb 83 78 2c 01 74 7d 48 8b 7b 08 ff 15
[ 1389.581100] PM: suspend entry (s2idle)
[ 1389.597276] gtklock[16942]: segfault at 0 ip 00006313445b528c sp 00007fff2b7185a0 error 4 in gtklock[728c,6313445b2000+4000] likely on CPU 4 (core 0, socket 0)
[ 1389.597286] Code: 45 00 48 8b 3c d8 48 83 c3 01 e8 1f f9 ff ff 41 3b 5d 08 72 e9 48 8b 1d 42 41 00 00 48 8b 43 10 4c 8b 73 28 48 8b 00 4c 89 f6 <4c> 8b 20 4c 89 63 28 4c 89 e7 e8 95 f3 ff ff 4c 89 f2 4c 89 e6 48
[ 1389.600646] Filesystems sync: 0.019 seconds
[ 1389.605005] Freezing user space processes
[ 1389.624757] Freezing user space processes completed (elapsed 0.019 seconds)
[ 1389.624764] OOM killer disabled.
[ 1389.624765] Freezing remaining freezable tasks
[ 1389.626119] Freezing remaining freezable tasks completed (elapsed 0.001 seconds)
[ 1389.626123] printk: Suspending console(s) (use no_console_suspend to debug)
[ 1389.838024] ACPI: EC: interrupt blocked
[ 1389.839078] intel_pch_thermal 0000:00:14.2: CPU-PCH is cool [45C]
[ 1392.881979] ACPI: EC: interrupt unblocked
[ 1393.116866] usb 1-3: reset full-speed USB device number 2 using xhci_hcd
[ 1393.259492] mei_hdcp 0000:00:16.0-b638ab7e-94e2-4ea2-a552-d1c54b627f04: bound 0000:00:02.0 (ops i915_hdcp_ops [i915])
[ 1393.259668] OOM killer enabled.
[ 1393.259670] Restarting tasks ... done.
[ 1393.263332] random: crng reseeded on system resumption
[ 1393.337563] PM: suspend exit
[ 1393.675003] Bluetooth: hci0: HCI Enhanced Setup Synchronous Connection command is advertised, but not supported.
[ 1393.789875] Bluetooth: MGMT ver 1.22
[ 1398.053920] wlan0: authenticate with a8:70:5d:69:b7:10 (local address=9c:b6:d0:f6:3e:fb)
[ 1398.053927] wlan0: send auth to a8:70:5d:69:b7:10 (try 1/3)
[ 1398.061540] wlan0: authenticated
[ 1398.063111] wlan0: associate with a8:70:5d:69:b7:10 (try 1/3)
[ 1398.071278] wlan0: RX AssocResp from a8:70:5d:69:b7:10 (capab=0x1011 status=0 aid=3)
[ 1398.074535] wlan0: associated
[ 1398.097231] wlan0: Limiting TX power to 30 (30 - 0) dBm as advertised by a8:70:5d:69:b7:10
